Archive member included to satisfy reference by file (symbol)

d:/stm32cubeide_1.4.0/stm32cubeide/plugins/com.st.stm32cube.ide.mcu.externaltools.gnu-tools-for-stm32.7-2018-q2-update.win32_1.4.0.202007081208/tools/bin/../lib/gcc/arm-none-eabi/7.3.1/../../../../arm-none-eabi/lib/thumb/v7e-m/fpv4-sp/hard\libc_nano.a(lib_a-errno.o)
                              Core/Src/syscalls.o (__errno)
d:/stm32cubeide_1.4.0/stm32cubeide/plugins/com.st.stm32cube.ide.mcu.externaltools.gnu-tools-for-stm32.7-2018-q2-update.win32_1.4.0.202007081208/tools/bin/../lib/gcc/arm-none-eabi/7.3.1/../../../../arm-none-eabi/lib/thumb/v7e-m/fpv4-sp/hard\libc_nano.a(lib_a-exit.o)
                              d:/stm32cubeide_1.4.0/stm32cubeide/plugins/com.st.stm32cube.ide.mcu.externaltools.gnu-tools-for-stm32.7-2018-q2-update.win32_1.4.0.202007081208/tools/bin/../lib/gcc/arm-none-eabi/7.3.1/../../../../arm-none-eabi/lib/thumb/v7e-m/fpv4-sp/hard/crt0.o (exit)
d:/stm32cubeide_1.4.0/stm32cubeide/plugins/com.st.stm32cube.ide.mcu.externaltools.gnu-tools-for-stm32.7-2018-q2-update.win32_1.4.0.202007081208/tools/bin/../lib/gcc/arm-none-eabi/7.3.1/../../../../arm-none-eabi/lib/thumb/v7e-m/fpv4-sp/hard\libc_nano.a(lib_a-impure.o)
                              d:/stm32cubeide_1.4.0/stm32cubeide/plugins/com.st.stm32cube.ide.mcu.externaltools.gnu-tools-for-stm32.7-2018-q2-update.win32_1.4.0.202007081208/tools/bin/../lib/gcc/arm-none-eabi/7.3.1/../../../../arm-none-eabi/lib/thumb/v7e-m/fpv4-sp/hard\libc_nano.a(lib_a-exit.o) (_global_impure_ptr)
d:/stm32cubeide_1.4.0/stm32cubeide/plugins/com.st.stm32cube.ide.mcu.externaltools.gnu-tools-for-stm32.7-2018-q2-update.win32_1.4.0.202007081208/tools/bin/../lib/gcc/arm-none-eabi/7.3.1/../../../../arm-none-eabi/lib/thumb/v7e-m/fpv4-sp/hard\libc_nano.a(lib_a-init.o)
                              d:/stm32cubeide_1.4.0/stm32cubeide/plugins/com.st.stm32cube.ide.mcu.externaltools.gnu-tools-for-stm32.7-2018-q2-update.win32_1.4.0.202007081208/tools/bin/../lib/gcc/arm-none-eabi/7.3.1/../../../../arm-none-eabi/lib/thumb/v7e-m/fpv4-sp/hard/crt0.o (__libc_init_array)
d:/stm32cubeide_1.4.0/stm32cubeide/plugins/com.st.stm32cube.ide.mcu.externaltools.gnu-tools-for-stm32.7-2018-q2-update.win32_1.4.0.202007081208/tools/bin/../lib/gcc/arm-none-eabi/7.3.1/../../../../arm-none-eabi/lib/thumb/v7e-m/fpv4-sp/hard\libc_nano.a(lib_a-memcmp.o)
                              ThirdParty/SEEGER/OS/SEGGER_SYSVIEW_FreeRTOS.o (memcmp)
d:/stm32cubeide_1.4.0/stm32cubeide/plugins/com.st.stm32cube.ide.mcu.externaltools.gnu-tools-for-stm32.7-2018-q2-update.win32_1.4.0.202007081208/tools/bin/../lib/gcc/arm-none-eabi/7.3.1/../../../../arm-none-eabi/lib/thumb/v7e-m/fpv4-sp/hard\libc_nano.a(lib_a-memcpy-stub.o)
                              ThirdParty/FreeRtos/src/queue.o (memcpy)
d:/stm32cubeide_1.4.0/stm32cubeide/plugins/com.st.stm32cube.ide.mcu.externaltools.gnu-tools-for-stm32.7-2018-q2-update.win32_1.4.0.202007081208/tools/bin/../lib/gcc/arm-none-eabi/7.3.1/../../../../arm-none-eabi/lib/thumb/v7e-m/fpv4-sp/hard\libc_nano.a(lib_a-memset.o)
                              d:/stm32cubeide_1.4.0/stm32cubeide/plugins/com.st.stm32cube.ide.mcu.externaltools.gnu-tools-for-stm32.7-2018-q2-update.win32_1.4.0.202007081208/tools/bin/../lib/gcc/arm-none-eabi/7.3.1/../../../../arm-none-eabi/lib/thumb/v7e-m/fpv4-sp/hard/crt0.o (memset)
d:/stm32cubeide_1.4.0/stm32cubeide/plugins/com.st.stm32cube.ide.mcu.externaltools.gnu-tools-for-stm32.7-2018-q2-update.win32_1.4.0.202007081208/tools/bin/../lib/gcc/arm-none-eabi/7.3.1/../../../../arm-none-eabi/lib/thumb/v7e-m/fpv4-sp/hard\libc_nano.a(lib_a-strlen.o)
                              ThirdParty/SEEGER/SEGGER/SEGGER_RTT.o (strlen)
d:/stm32cubeide_1.4.0/stm32cubeide/plugins/com.st.stm32cube.ide.mcu.externaltools.gnu-tools-for-stm32.7-2018-q2-update.win32_1.4.0.202007081208/tools/bin/../lib/gcc/arm-none-eabi/7.3.1/thumb/v7e-m/fpv4-sp/hard\libgcc.a(_aeabi_uldivmod.o)
                              Drivers/STM32F4xx_HAL_Driver/Src/stm32f4xx_hal_rcc.o (__aeabi_uldivmod)
d:/stm32cubeide_1.4.0/stm32cubeide/plugins/com.st.stm32cube.ide.mcu.externaltools.gnu-tools-for-stm32.7-2018-q2-update.win32_1.4.0.202007081208/tools/bin/../lib/gcc/arm-none-eabi/7.3.1/thumb/v7e-m/fpv4-sp/hard\libgcc.a(_udivmoddi4.o)
                              d:/stm32cubeide_1.4.0/stm32cubeide/plugins/com.st.stm32cube.ide.mcu.externaltools.gnu-tools-for-stm32.7-2018-q2-update.win32_1.4.0.202007081208/tools/bin/../lib/gcc/arm-none-eabi/7.3.1/thumb/v7e-m/fpv4-sp/hard\libgcc.a(_aeabi_uldivmod.o) (__udivmoddi4)
d:/stm32cubeide_1.4.0/stm32cubeide/plugins/com.st.stm32cube.ide.mcu.externaltools.gnu-tools-for-stm32.7-2018-q2-update.win32_1.4.0.202007081208/tools/bin/../lib/gcc/arm-none-eabi/7.3.1/thumb/v7e-m/fpv4-sp/hard\libgcc.a(_dvmd_tls.o)
[...]
Memory Configuration

Name             Origin             Length             Attributes
CCMRAM           0x0000000010000000 0x0000000000010000 xrw
RAM              0x0000000020000000 0x0000000000020000 xrw
FLASH            0x0000000008000000 0x0000000000100000 xr
*default*        0x0000000000000000 0xffffffffffffffff

Linker script and memory map

LOAD d:/stm32cubeide_1.4.0/stm32cubeide/plugins/com.st.stm32cube.ide.mcu.externaltools.gnu-tools-for-stm32.7-2018-q2-update.win32_1.4.0.202007081208/tools/bin/../lib/gcc/arm-none-eabi/7.3.1/thumb/v7e-m/fpv4-sp/hard/crti.o
LOAD d:/stm32cubeide_1.4.0/stm32cubeide/plugins/com.st.stm32cube.ide.mcu.externaltools.gnu-tools-for-stm32.7-2018-q2-update.win32_1.4.0.202007081208/tools/bin/../lib/gcc/arm-none-eabi/7.3.1/thumb/v7e-m/fpv4-sp/hard/crtbegin.o
LOAD d:/stm32cubeide_1.4.0/stm32cubeide/plugins/com.st.stm32cube.ide.mcu.externaltools.gnu-tools-for-stm32.7-2018-q2-update.win32_1.4.0.202007081208/tools/bin/../lib/gcc/arm-none-eabi/7.3.1/../../../../arm-none-eabi/lib/thumb/v7e-m/fpv4-sp/hard/crt0.o
LOAD Core/Src/main.o
LOAD Core/Src/stm32f4xx_hal_msp.o
LOAD Core/Src/stm32f4xx_hal_timebase_tim.o
LOAD Core/Src/stm32f4xx_it.o
LOAD Core/Src/syscalls.o
LOAD Core/Src/sysmem.o
LOAD Core/Src/system_stm32f4xx.o
LOAD Core/Startup/startup_stm32f407vgtx.o
LOAD Drivers/STM32F4xx_HAL_Driver/Src/stm32f4xx_hal.o
LOAD Drivers/STM32F4xx_HAL_Driver/Src/stm32f4xx_hal_cortex.o
LOAD Drivers/STM32F4xx_HAL_Driver/Src/stm32f4xx_hal_dma.o
LOAD Drivers/STM32F4xx_HAL_Driver/Src/stm32f4xx_hal_dma_ex.o
LOAD Drivers/STM32F4xx_HAL_Driver/Src/stm32f4xx_hal_exti.o
LOAD Drivers/STM32F4xx_HAL_Driver/Src/stm32f4xx_hal_flash.o
LOAD Drivers/STM32F4xx_HAL_Driver/Src/stm32f4xx_hal_flash_ex.o
LOAD Drivers/STM32F4xx_HAL_Driver/Src/stm32f4xx_hal_flash_ramfunc.o
LOAD Drivers/STM32F4xx_HAL_Driver/Src/stm32f4xx_hal_gpio.o
LOAD Drivers/STM32F4xx_HAL_Driver/Src/stm32f4xx_hal_pwr.o
LOAD Drivers/STM32F4xx_HAL_Driver/Src/stm32f4xx_hal_pwr_ex.o
LOAD Drivers/STM32F4xx_HAL_Driver/Src/stm32f4xx_hal_rcc.o
LOAD Drivers/STM32F4xx_HAL_Driver/Src/stm32f4xx_hal_rcc_ex.o
LOAD Drivers/STM32F4xx_HAL_Driver/Src/stm32f4xx_hal_tim.o
LOAD Drivers/STM32F4xx_HAL_Driver/Src/stm32f4xx_hal_tim_ex.o
LOAD ThirdParty/FreeRtos/Portable/ARM_CM4F/port.o
LOAD ThirdParty/FreeRtos/Portable/MemMang/heap_4.o
LOAD ThirdParty/FreeRtos/src/croutine.o
LOAD ThirdParty/FreeRtos/src/event_groups.o
LOAD ThirdParty/FreeRtos/src/list.o
LOAD ThirdParty/FreeRtos/src/queue.o
LOAD ThirdParty/FreeRtos/src/stream_buffer.o
LOAD ThirdParty/FreeRtos/src/tasks.o
LOAD ThirdParty/FreeRtos/src/timers.o
LOAD ThirdParty/SEEGER/Config/SEGGER_SYSVIEW_Config_FreeRTOS.o
LOAD ThirdParty/SEEGER/OS/SEGGER_SYSVIEW_FreeRTOS.o
LOAD ThirdParty/SEEGER/SEGGER/SEGGER_RTT.o
LOAD ThirdParty/SEEGER/SEGGER/SEGGER_RTT_ASM_ARMv7M.o
LOAD ThirdParty/SEEGER/SEGGER/SEGGER_RTT_printf.o
LOAD ThirdParty/SEEGER/SEGGER/SEGGER_SYSVIEW.o
LOAD ThirdParty/SEEGER/SEGGER/Syscalls/SEGGER_RTT_Syscalls_GCC.o
START GROUP
LOAD d:/stm32cubeide_1.4.0/stm32cubeide/plugins/com.st.stm32cube.ide.mcu.externaltools.gnu-tools-for-stm32.7-2018-q2-update.win32_1.4.0.202007081208/tools/bin/../lib/gcc/arm-none-eabi/7.3.1/../../../../arm-none-eabi/lib/thumb/v7e-m/fpv4-sp/hard\libc_nano.a
LOAD d:/stm32cubeide_1.4.0/stm32cubeide/plugins/com.st.stm32cube.ide.mcu.externaltools.gnu-tools-for-stm32.7-2018-q2-update.win32_1.4.0.202007081208/tools/bin/../lib/gcc/arm-none-eabi/7.3.1/../../../../arm-none-eabi/lib/thumb/v7e-m/fpv4-sp/hard\libm.a
END GROUP
START GROUP
LOAD d:/stm32cubeide_1.4.0/stm32cubeide/plugins/com.st.stm32cube.ide.mcu.externaltools.gnu-tools-for-stm32.7-2018-q2-update.win32_1.4.0.202007081208/tools/bin/../lib/gcc/arm-none-eabi/7.3.1/thumb/v7e-m/fpv4-sp/hard\libgcc.a
LOAD d:/stm32cubeide_1.4.0/stm32cubeide/plugins/com.st.stm32cube.ide.mcu.externaltools.gnu-tools-for-stm32.7-2018-q2-update.win32_1.4.0.202007081208/tools/bin/../lib/gcc/arm-none-eabi/7.3.1/../../../../arm-none-eabi/lib/thumb/v7e-m/fpv4-sp/hard\libc_nano.a
END GROUP
START GROUP
LOAD d:/stm32cubeide_1.4.0/stm32cubeide/plugins/com.st.stm32cube.ide.mcu.externaltools.gnu-tools-for-stm32.7-2018-q2-update.win32_1.4.0.202007081208/tools/bin/../lib/gcc/arm-none-eabi/7.3.1/thumb/v7e-m/fpv4-sp/hard\libgcc.a
LOAD d:/stm32cubeide_1.4.0/stm32cubeide/plugins/com.st.stm32cube.ide.mcu.externaltools.gnu-tools-for-stm32.7-2018-q2-update.win32_1.4.0.202007081208/tools/bin/../lib/gcc/arm-none-eabi/7.3.1/../../../../arm-none-eabi/lib/thumb/v7e-m/fpv4-sp/hard\libc_nano.a
LOAD d:/stm32cubeide_1.4.0/stm32cubeide/plugins/com.st.stm32cube.ide.mcu.externaltools.gnu-tools-for-stm32.7-2018-q2-update.win32_1.4.0.202007081208/tools/bin/../lib/gcc/arm-none-eabi/7.3.1/../../../../arm-none-eabi/lib/thumb/v7e-m/fpv4-sp/hard\libnosys.a
END GROUP
START GROUP
LOAD d:/stm32cubeide_1.4.0/stm32cubeide/plugins/com.st.stm32cube.ide.mcu.externaltools.gnu-tools-for-stm32.7-2018-q2-update.win32_1.4.0.202007081208/tools/bin/../lib/gcc/arm-none-eabi/7.3.1/thumb/v7e-m/fpv4-sp/hard\libgcc.a
LOAD d:/stm32cubeide_1.4.0/stm32cubeide/plugins/com.st.stm32cube.ide.mcu.externaltools.gnu-tools-for-stm32.7-2018-q2-update.win32_1.4.0.202007081208/tools/bin/../lib/gcc/arm-none-eabi/7.3.1/../../../../arm-none-eabi/lib/thumb/v7e-m/fpv4-sp/hard\libc_nano.a
LOAD d:/stm32cubeide_1.4.0/stm32cubeide/plugins/com.st.stm32cube.ide.mcu.externaltools.gnu-tools-for-stm32.7-2018-q2-update.win32_1.4.0.202007081208/tools/bin/../lib/gcc/arm-none-eabi/7.3.1/../../../../arm-none-eabi/lib/thumb/v7e-m/fpv4-sp/hard\libnosys.a
END GROUP
LOAD d:/stm32cubeide_1.4.0/stm32cubeide/plugins/com.st.stm32cube.ide.mcu.externaltools.gnu-tools-for-stm32.7-2018-q2-update.win32_1.4.0.202007081208/tools/bin/../lib/gcc/arm-none-eabi/7.3.1/thumb/v7e-m/fpv4-sp/hard/crtend.o
LOAD d:/stm32cubeide_1.4.0/stm32cubeide/plugins/com.st.stm32cube.ide.mcu.externaltools.gnu-tools-for-stm32.7-2018-q2-update.win32_1.4.0.202007081208/tools/bin/../lib/gcc/arm-none-eabi/7.3.1/thumb/v7e-m/fpv4-sp/hard/crtn.o
                0x0000000020020000                _estack = (ORIGIN (RAM) + LENGTH (RAM))
                0x0000000000000200                _Min_Heap_Size = 0x200
                0x0000000000000400                _Min_Stack_Size = 0x400

.isr_vector     0x0000000008000000      0x188
                0x0000000008000000                . = ALIGN (0x4)
 *(.isr_vector)
 .isr_vector    0x0000000008000000      0x188 Core/Startup/startup_stm32f407vgtx.o
                0x0000000008000000                g_pfnVectors
                0x0000000008000188                . = ALIGN (0x4)

.text           0x0000000008000190     0x5688
                0x0000000008000190                . = ALIGN (0x4)
 *(.text)
 .text          0x0000000008000190       0x40 d:/stm32cubeide_1.4.0/stm32cubeide/plugins/com.st.stm32cube.ide.mcu.externaltools.gnu-tools-for-stm32.7-2018-q2-update.win32_1.4.0.202007081208/tools/bin/../lib/gcc/arm-none-eabi/7.3.1/thumb/v7e-m/fpv4-sp/hard/crtbegin.o
 .text          0x00000000080001d0       0x94 ThirdParty/SEEGER/SEGGER/SEGGER_RTT_ASM_ARMv7M.o
                0x00000000080001d0                SEGGER_RTT_ASM_WriteSkipNoLock
 .text          0x0000000008000264       0x30 d:/stm32cubeide_1.4.0/stm32cubeide/plugins/com.st.stm32cube.ide.mcu.externaltools.gnu-tools-for-stm32.7-2018-q2-update.win32_1.4.0.202007081208/tools/bin/../lib/gcc/arm-none-eabi/7.3.1/thumb/v7e-m/fpv4-sp/hard\libgcc.a(_aeabi_uldivmod.o)
                0x0000000008000264                __aeabi_uldivmod
 .text          0x0000000008000294      0x2cc d:/stm32cubeide_1.4.0/stm32cubeide/plugins/com.st.stm32cube.ide.mcu.externaltools.gnu-tools-for-stm32.7-2018-q2-update.win32_1.4.0.202007081208/tools/bin/../lib/gcc/arm-none-eabi/7.3.1/thumb/v7e-m/fpv4-sp/hard\libgcc.a(_udivmoddi4.o)
                0x0000000008000294                __udivmoddi4
 .text          0x0000000008000560        0x4 d:/stm32cubeide_1.4.0/stm32cubeide/plugins/com.st.stm32cube.ide.mcu.externaltools.gnu-tools-for-stm32.7-2018-q2-update.win32_1.4.0.202007081208/tools/bin/../lib/gcc/arm-none-eabi/7.3.1/thumb/v7e-m/fpv4-sp/hard\libgcc.a(_dvmd_tls.o)
                0x0000000008000560                __aeabi_idiv0
                0x0000000008000560                __aeabi_ldiv0
 *(.text*)
 .text.main     0x0000000008000564       0xc4 Core/Src/main.o
                0x0000000008000564                main
 .text.SystemClock_Config
                0x0000000008000628       0xd4 Core/Src/main.o
                0x0000000008000628                SystemClock_Config
 .text.MX_GPIO_Init
                0x00000000080006fc      0x2c0 Core/Src/main.o
 .text.led_green_handler
                0x00000000080009bc       0x20 Core/Src/main.o
 .text.led_orange_handler
                0x00000000080009dc       0x20 Core/Src/main.o
 .text.led_red_handler
                0x00000000080009fc       0x20 Core/Src/main.o
 .text.HAL_TIM_PeriodElapsedCallback
                0x0000000008000a1c       0x24 Core/Src/main.o
                0x0000000008000a1c                HAL_TIM_PeriodElapsedCallback
 .text.Error_Handler
                0x0000000008000a40        0xe Core/Src/main.o
                0x0000000008000a40                Error_Handler
 *fill*         0x0000000008000a4e        0x2 
 .text.HAL_MspInit
                0x0000000008000a50       0x50 Core/Src/stm32f4xx_hal_msp.o
                0x0000000008000a50                HAL_MspInit
 .text.HAL_InitTick
                0x0000000008000aa0       0xb4 Core/Src/stm32f4xx_hal_timebase_tim.o
                0x0000000008000aa0                HAL_InitTick
 .text.NMI_Handler
                0x0000000008000b54        0xe Core/Src/stm32f4xx_it.o
                0x0000000008000b54                NMI_Handler
 .text.HardFault_Handler
                0x0000000008000b62        0x6 Core/Src/stm32f4xx_it.o
                0x0000000008000b62                HardFault_Handler
 .text.MemManage_Handler
                0x0000000008000b68        0x6 Core/Src/stm32f4xx_it.o
                0x0000000008000b68                MemManage_Handler
 .text.BusFault_Handler
                0x0000000008000b6e        0x6 Core/Src/stm32f4xx_it.o
                0x0000000008000b6e                BusFault_Handler
 .text.UsageFault_Handler
                0x0000000008000b74        0x6 Core/Src/stm32f4xx_it.o
                0x0000000008000b74                UsageFault_Handler
 .text.DebugMon_Handler
                0x0000000008000b7a        0xe Core/Src/stm32f4xx_it.o
                0x0000000008000b7a                DebugMon_Handler
 .text.TIM6_DAC_IRQHandler
                0x0000000008000b88       0x14 Core/Src/stm32f4xx_it.o
                0x0000000008000b88                TIM6_DAC_IRQHandler
 .text.SystemInit
                0x0000000008000b9c       0x2c Core/Src/system_stm32f4xx.o
                0x0000000008000b9c                SystemInit
 .text.Reset_Handler
                0x0000000008000bc8       0x50 Core/Startup/startup_stm32f407vgtx.o
                0x0000000008000bc8                Reset_Handler
 .text.Default_Handler
                0x0000000008000c18        0x2 Core/Startup/startup_stm32f407vgtx.o
                0x0000000008000c18                RTC_Alarm_IRQHandler
                0x0000000008000c18                HASH_RNG_IRQHandler
                0x0000000008000c18                EXTI2_IRQHandler
                0x0000000008000c18                TIM8_CC_IRQHandler
                0x0000000008000c18                TIM1_CC_IRQHandler
                0x0000000008000c18                DMA2_Stream5_IRQHandler
                0x0000000008000c18                DMA1_Stream5_IRQHandler
                0x0000000008000c18                PVD_IRQHandler
                0x0000000008000c18                SDIO_IRQHandler
                0x0000000008000c18                TAMP_STAMP_IRQHandler
                0x0000000008000c18                CAN2_RX1_IRQHandler
                0x0000000008000c18                EXTI3_IRQHandler
                0x0000000008000c18                TIM8_TRG_COM_TIM14_IRQHandler
                0x0000000008000c18                TIM1_UP_TIM10_IRQHandler
                0x0000000008000c18                TIM8_UP_TIM13_IRQHandler
                0x0000000008000c18                I2C3_ER_IRQHandler
                0x0000000008000c18                EXTI0_IRQHandler
                0x0000000008000c18                I2C2_EV_IRQHandler
                0x0000000008000c18                DMA1_Stream2_IRQHandler
                0x0000000008000c18                CAN1_RX0_IRQHandler
                0x0000000008000c18                FPU_IRQHandler
                0x0000000008000c18                OTG_HS_WKUP_IRQHandler
                0x0000000008000c18                CAN2_SCE_IRQHandler
                0x0000000008000c18                DMA2_Stream2_IRQHandler
                0x0000000008000c18                SPI1_IRQHandler
                0x0000000008000c18                TIM1_BRK_TIM9_IRQHandler
                0x0000000008000c18                DCMI_IRQHandler
                0x0000000008000c18                CAN2_RX0_IRQHandler
                0x0000000008000c18                DMA2_Stream3_IRQHandler
                0x0000000008000c18                USART6_IRQHandler
                0x0000000008000c18                USART3_IRQHandler
                0x0000000008000c18                CAN1_RX1_IRQHandler
                0x0000000008000c18                UART5_IRQHandler
                0x0000000008000c18                DMA2_Stream0_IRQHandler
                0x0000000008000c18                TIM4_IRQHandler
                0x0000000008000c18                I2C1_EV_IRQHandler
                0x0000000008000c18                DMA1_Stream6_IRQHandler
                0x0000000008000c18                DMA1_Stream1_IRQHandler
                0x0000000008000c18                UART4_IRQHandler
                0x0000000008000c18                TIM3_IRQHandler
                0x0000000008000c18                RCC_IRQHandler
                0x0000000008000c18                TIM8_BRK_TIM12_IRQHandler
                0x0000000008000c18                Default_Handler
                0x0000000008000c18                EXTI15_10_IRQHandler
                0x0000000008000c18                ADC_IRQHandler
                0x0000000008000c18                DMA1_Stream7_IRQHandler
                0x0000000008000c18                TIM7_IRQHandler
                0x0000000008000c18                CAN2_TX_IRQHandler
                0x0000000008000c18                TIM5_IRQHandler
                0x0000000008000c18                DMA2_Stream7_IRQHandler
                0x0000000008000c18                I2C3_EV_IRQHandler
                0x0000000008000c18                EXTI9_5_IRQHandler
                0x0000000008000c18                RTC_WKUP_IRQHandler
                0x0000000008000c18                ETH_WKUP_IRQHandler
                0x0000000008000c18                SPI2_IRQHandler
                0x0000000008000c18                OTG_HS_EP1_IN_IRQHandler
                0x0000000008000c18                DMA1_Stream0_IRQHandler
                0x0000000008000c18                CAN1_TX_IRQHandler
                0x0000000008000c18                EXTI4_IRQHandler
                0x0000000008000c18                FSMC_IRQHandler
                0x0000000008000c18                ETH_IRQHandler
                0x0000000008000c18                OTG_HS_EP1_OUT_IRQHandler
                0x0000000008000c18                WWDG_IRQHandler
                0x0000000008000c18                TIM2_IRQHandler
                0x0000000008000c18                OTG_FS_WKUP_IRQHandler
                0x0000000008000c18                TIM1_TRG_COM_TIM11_IRQHandler
                0x0000000008000c18                OTG_HS_IRQHandler
                0x0000000008000c18                EXTI1_IRQHandler
                0x0000000008000c18                USART2_IRQHandler
                0x0000000008000c18                I2C2_ER_IRQHandler
                0x0000000008000c18                DMA2_Stream1_IRQHandler
                0x0000000008000c18                CAN1_SCE_IRQHandler
                0x0000000008000c18                FLASH_IRQHandler
                0x0000000008000c18                DMA2_Stream4_IRQHandler
                0x0000000008000c18                USART1_IRQHandler
                0x0000000008000c18                OTG_FS_IRQHandler
                0x0000000008000c18                SPI3_IRQHandler
                0x0000000008000c18                DMA1_Stream4_IRQHandler
                0x0000000008000c18                I2C1_ER_IRQHandler
                0x0000000008000c18                DMA2_Stream6_IRQHandler
                0x0000000008000c18                DMA1_Stream3_IRQHandler
 *fill*         0x0000000008000c1a        0x2 
 .text.HAL_Init
                0x0000000008000c1c       0x44 Drivers/STM32F4xx_HAL_Driver/Src/stm32f4xx_hal.o
                0x0000000008000c1c                HAL_Init
 .text.HAL_IncTick
                0x0000000008000c60       0x28 Drivers/STM32F4xx_HAL_Driver/Src/stm32f4xx_hal.o
                0x0000000008000c60                HAL_IncTick
 .text.HAL_GetTick
                0x0000000008000c88       0x18 Drivers/STM32F4xx_HAL_Driver/Src/stm32f4xx_hal.o
                0x0000000008000c88                HAL_GetTick
 .text.__NVIC_SetPriorityGrouping
                0x0000000008000ca0       0x48 Drivers/STM32F4xx_HAL_Driver/Src/stm32f4xx_hal_cortex.o
 .text.__NVIC_GetPriorityGrouping
                0x0000000008000ce8       0x1c Drivers/STM32F4xx_HAL_Driver/Src/stm32f4xx_hal_cortex.o
 .text.__NVIC_EnableIRQ
                0x0000000008000d04       0x3c Drivers/STM32F4xx_HAL_Driver/Src/stm32f4xx_hal_cortex.o
 .text.__NVIC_SetPriority
                0x0000000008000d40       0x54 Drivers/STM32F4xx_HAL_Driver/Src/stm32f4xx_hal_cortex.o
 .text.NVIC_EncodePriority
                0x0000000008000d94       0x66 Drivers/STM32F4xx_HAL_Driver/Src/stm32f4xx_hal_cortex.o
 .text.HAL_NVIC_SetPriorityGrouping
                0x0000000008000dfa       0x16 Drivers/STM32F4xx_HAL_Driver/Src/stm32f4xx_hal_cortex.o
                0x0000000008000dfa                HAL_NVIC_SetPriorityGrouping
 .text.HAL_NVIC_SetPriority
                0x0000000008000e10       0x38 Drivers/STM32F4xx_HAL_Driver/Src/stm32f4xx_hal_cortex.o
                0x0000000008000e10                HAL_NVIC_SetPriority
 .text.HAL_NVIC_EnableIRQ
                0x0000000008000e48       0x1c Drivers/STM32F4xx_HAL_Driver/Src/stm32f4xx_hal_cortex.o
                0x0000000008000e48                HAL_NVIC_EnableIRQ
 .text.HAL_GPIO_Init
                0x0000000008000e64      0x334 Drivers/STM32F4xx_HAL_Driver/Src/stm32f4xx_hal_gpio.o
                0x0000000008000e64                HAL_GPIO_Init
 .text.HAL_GPIO_WritePin
                0x0000000008001198       0x32 Drivers/STM32F4xx_HAL_Driver/Src/stm32f4xx_hal_gpio.o
                0x0000000008001198                HAL_GPIO_WritePin
 .text.HAL_GPIO_TogglePin
                0x00000000080011ca       0x36 Drivers/STM32F4xx_HAL_Driver/Src/stm32f4xx_hal_gpio.o
                0x00000000080011ca                HAL_GPIO_TogglePin
 .text.HAL_RCC_OscConfig
                0x0000000008001200      0x4e0 Drivers/STM32F4xx_HAL_Driver/Src/stm32f4xx_hal_rcc.o
                0x0000000008001200                HAL_RCC_OscConfig
 .text.HAL_RCC_ClockConfig
                0x00000000080016e0      0x1cc Drivers/STM32F4xx_HAL_Driver/Src/stm32f4xx_hal_rcc.o
                0x00000000080016e0                HAL_RCC_ClockConfig
 .text.HAL_RCC_GetSysClockFreq
                0x00000000080018ac      0x1b0 Drivers/STM32F4xx_HAL_Driver/Src/stm32f4xx_hal_rcc.o
                0x00000000080018ac                HAL_RCC_GetSysClockFreq
 .text.HAL_RCC_GetHCLKFreq
                0x0000000008001a5c       0x18 Drivers/STM32F4xx_HAL_Driver/Src/stm32f4xx_hal_rcc.o
                0x0000000008001a5c                HAL_RCC_GetHCLKFreq
 .text.HAL_RCC_GetPCLK1Freq
                0x0000000008001a74       0x28 Drivers/STM32F4xx_HAL_Driver/Src/stm32f4xx_hal_rcc.o
                0x0000000008001a74                HAL_RCC_GetPCLK1Freq
 .text.HAL_RCC_GetClockConfig
                0x0000000008001a9c       0x64 Drivers/STM32F4xx_HAL_Driver/Src/stm32f4xx_hal_rcc.o
                0x0000000008001a9c                HAL_RCC_GetClockConfig
 .text.HAL_TIM_Base_Init
                0x0000000008001b00       0x56 Drivers/STM32F4xx_HAL_Driver/Src/stm32f4xx_hal_tim.o
                0x0000000008001b00                HAL_TIM_Base_Init
 .text.HAL_TIM_Base_MspInit
                0x0000000008001b56       0x14 Drivers/STM32F4xx_HAL_Driver/Src/stm32f4xx_hal_tim.o
                0x0000000008001b56                HAL_TIM_Base_MspInit
 .text.HAL_TIM_Base_Start_IT
                0x0000000008001b6a       0x48 Drivers/STM32F4xx_HAL_Driver/Src/stm32f4xx_hal_tim.o
                0x0000000008001b6a                HAL_TIM_Base_Start_IT
 .text.HAL_TIM_IRQHandler
                0x0000000008001bb2      0x210 Drivers/STM32F4xx_HAL_Driver/Src/stm32f4xx_hal_tim.o
                0x0000000008001bb2                HAL_TIM_IRQHandler
 .text.HAL_TIM_OC_DelayElapsedCallback
                0x0000000008001dc2       0x14 Drivers/STM32F4xx_HAL_Driver/Src/stm32f4xx_hal_tim.o
                0x0000000008001dc2                HAL_TIM_OC_DelayElapsedCallback
 .text.HAL_TIM_IC_CaptureCallback
                0x0000000008001dd6       0x14 Drivers/STM32F4xx_HAL_Driver/Src/stm32f4xx_hal_tim.o
                0x0000000008001dd6                HAL_TIM_IC_CaptureCallback
 .text.HAL_TIM_PWM_PulseFinishedCallback
                0x0000000008001dea       0x14 Drivers/STM32F4xx_HAL_Driver/Src/stm32f4xx_hal_tim.o
                0x0000000008001dea                HAL_TIM_PWM_PulseFinishedCallback
 .text.HAL_TIM_TriggerCallback
                0x0000000008001dfe       0x14 Drivers/STM32F4xx_HAL_Driver/Src/stm32f4xx_hal_tim.o
                0x0000000008001dfe                HAL_TIM_TriggerCallback
 *fill*         0x0000000008001e12        0x2 
 .text.TIM_Base_SetConfig
                0x0000000008001e14      0x140 Drivers/STM32F4xx_HAL_Driver/Src/stm32f4xx_hal_tim.o
                0x0000000008001e14                TIM_Base_SetConfig
 .text.HAL_TIMEx_CommutCallback
                0x0000000008001f54       0x14 Drivers/STM32F4xx_HAL_Driver/Src/stm32f4xx_hal_tim_ex.o
                0x0000000008001f54                HAL_TIMEx_CommutCallback
 .text.HAL_TIMEx_BreakCallback
                0x0000000008001f68       0x14 Drivers/STM32F4xx_HAL_Driver/Src/stm32f4xx_hal_tim_ex.o
                0x0000000008001f68                HAL_TIMEx_BreakCallback
 .text.pxPortInitialiseStack
                0x0000000008001f7c       0x68 ThirdParty/FreeRtos/Portable/ARM_CM4F/port.o
                0x0000000008001f7c                pxPortInitialiseStack
 .text.prvTaskExitError
                0x0000000008001fe4       0x54 ThirdParty/FreeRtos/Portable/ARM_CM4F/port.o
 *fill*         0x0000000008002038        0x8 
 .text.SVC_Handler
                0x0000000008002040       0x28 ThirdParty/FreeRtos/Portable/ARM_CM4F/port.o
                0x0000000008002040                SVC_Handler
 .text.prvPortStartFirstTask
                0x0000000008002068       0x2c ThirdParty/FreeRtos/Portable/ARM_CM4F/port.o
 .text.xPortStartScheduler
                0x0000000008002094      0x13c ThirdParty/FreeRtos/Portable/ARM_CM4F/port.o
                0x0000000008002094                xPortStartScheduler
 .text.vPortEnterCritical
                0x00000000080021d0       0x5c ThirdParty/FreeRtos/Portable/ARM_CM4F/port.o
                0x00000000080021d0                vPortEnterCritical
 .text.vPortExitCritical
                0x000000000800222c       0x50 ThirdParty/FreeRtos/Portable/ARM_CM4F/port.o
                0x000000000800222c                vPortExitCritical
 *fill*         0x000000000800227c        0x4 
 .text.PendSV_Handler
                0x0000000008002280       0x68 ThirdParty/FreeRtos/Portable/ARM_CM4F/port.o
                0x0000000008002280                PendSV_Handler
 .text.SysTick_Handler
                0x00000000080022e8       0x40 ThirdParty/FreeRtos/Portable/ARM_CM4F/port.o
                0x00000000080022e8                SysTick_Handler
 .text.vPortSetupTimerInterrupt
                0x0000000008002328       0x48 ThirdParty/FreeRtos/Portable/ARM_CM4F/port.o
                0x0000000008002328                vPortSetupTimerInterrupt
 .text.vPortEnableVFP
                0x0000000008002370       0x18 ThirdParty/FreeRtos/Portable/ARM_CM4F/port.o
 .text.pvPortMalloc
                0x0000000008002388      0x170 ThirdParty/FreeRtos/Portable/MemMang/heap_4.o
                0x0000000008002388                pvPortMalloc
 .text.vPortFree
                0x00000000080024f8       0xb4 ThirdParty/FreeRtos/Portable/MemMang/heap_4.o
                0x00000000080024f8                vPortFree
 .text.prvHeapInit
                0x00000000080025ac       0xb8 ThirdParty/FreeRtos/Portable/MemMang/heap_4.o
 .text.prvInsertBlockIntoFreeList
                0x0000000008002664       0xb4 ThirdParty/FreeRtos/Portable/MemMang/heap_4.o
 .text.vListInitialise
                0x0000000008002718       0x40 ThirdParty/FreeRtos/src/list.o
                0x0000000008002718                vListInitialise
 .text.vListInitialiseItem
                0x0000000008002758       0x1a ThirdParty/FreeRtos/src/list.o
                0x0000000008002758                vListInitialiseItem
 .text.vListInsert
                0x0000000008002772       0x72 ThirdParty/FreeRtos/src/list.o
                0x0000000008002772                vListInsert
 .text.uxListRemove
                0x00000000080027e4       0x54 ThirdParty/FreeRtos/src/list.o
                0x00000000080027e4                uxListRemove
 .text.xQueueGenericReset
                0x0000000008002838      0x128 ThirdParty/FreeRtos/src/queue.o
                0x0000000008002838                xQueueGenericReset
 .text.xQueueGenericCreate
                0x0000000008002960       0xa6 ThirdParty/FreeRtos/src/queue.o
                0x0000000008002960                xQueueGenericCreate
 .text.prvInitialiseNewQueue
                0x0000000008002a06       0x52 ThirdParty/FreeRtos/src/queue.o
 .text.xQueueReceive
                0x0000000008002a58      0x228 ThirdParty/FreeRtos/src/queue.o
                0x0000000008002a58                xQueueReceive
 .text.prvCopyDataFromQueue
                0x0000000008002c80       0x4c ThirdParty/FreeRtos/src/queue.o
 .text.prvUnlockQueue
                0x0000000008002ccc       0xa4 ThirdParty/FreeRtos/src/queue.o
 .text.prvIsQueueEmpty
                0x0000000008002d70       0x2c ThirdParty/FreeRtos/src/queue.o
 .text.vQueueAddToRegistry
                0x0000000008002d9c       0xac ThirdParty/FreeRtos/src/queue.o
                0x0000000008002d9c                vQueueAddToRegistry
 .text.vQueueWaitForMessageRestricted
                0x0000000008002e48       0x68 ThirdParty/FreeRtos/src/queue.o
                0x0000000008002e48                vQueueWaitForMessageRestricted
 .text.xTaskCreate
                0x0000000008002eb0       0x8c ThirdParty/FreeRtos/src/tasks.o
                0x0000000008002eb0                xTaskCreate
 .text.prvInitialiseNewTask
                0x0000000008002f3c      0x118 ThirdParty/FreeRtos/src/tasks.o
 .text.prvAddNewTaskToReadyList
                0x0000000008003054      0x168 ThirdParty/FreeRtos/src/tasks.o
 .text.vTaskDelay
                0x00000000080031bc       0x70 ThirdParty/FreeRtos/src/tasks.o
                0x00000000080031bc                vTaskDelay
 .text.vTaskStartScheduler
                0x000000000800322c       0xc0 ThirdParty/FreeRtos/src/tasks.o
                0x000000000800322c                vTaskStartScheduler
 .text.vTaskSuspendAll
                0x00000000080032ec       0x1c ThirdParty/FreeRtos/src/tasks.o
                0x00000000080032ec                vTaskSuspendAll
 .text.xTaskResumeAll
                0x0000000008003308      0x1fc ThirdParty/FreeRtos/src/tasks.o
                0x0000000008003308                xTaskResumeAll
 .text.xTaskGetTickCount
                0x0000000008003504       0x20 ThirdParty/FreeRtos/src/tasks.o
                0x0000000008003504                xTaskGetTickCount
 .text.xTaskIncrementTick
                0x0000000008003524      0x234 ThirdParty/FreeRtos/src/tasks.o
                0x0000000008003524                xTaskIncrementTick
 .text.vTaskSwitchContext
                0x0000000008003758       0xd0 ThirdParty/FreeRtos/src/tasks.o
                0x0000000008003758                vTaskSwitchContext
 .text.vTaskPlaceOnEventList
                0x0000000008003828       0x48 ThirdParty/FreeRtos/src/tasks.o
                0x0000000008003828                vTaskPlaceOnEventList
 .text.vTaskPlaceOnEventListRestricted
                0x0000000008003870       0x90 ThirdParty/FreeRtos/src/tasks.o
                0x0000000008003870                vTaskPlaceOnEventListRestricted
 .text.xTaskRemoveFromEventList
                0x0000000008003900      0x1b0 ThirdParty/FreeRtos/src/tasks.o
                0x0000000008003900                xTaskRemoveFromEventList
 .text.vTaskInternalSetTimeOutState
                0x0000000008003ab0       0x2c ThirdParty/FreeRtos/src/tasks.o
                0x0000000008003ab0                vTaskInternalSetTimeOutState
 .text.xTaskCheckForTimeOut
                0x0000000008003adc       0xc8 ThirdParty/FreeRtos/src/tasks.o
                0x0000000008003adc                xTaskCheckForTimeOut
 .text.vTaskMissedYield
                0x0000000008003ba4       0x18 ThirdParty/FreeRtos/src/tasks.o
                0x0000000008003ba4                vTaskMissedYield
 .text.prvIdleTask
                0x0000000008003bbc       0x30 ThirdParty/FreeRtos/src/tasks.o
 .text.prvInitialiseTaskLists
                0x0000000008003bec       0x80 ThirdParty/FreeRtos/src/tasks.o
 .text.prvCheckTasksWaitingTermination
                0x0000000008003c6c       0x58 ThirdParty/FreeRtos/src/tasks.o
 .text.prvDeleteTCB
                0x0000000008003cc4       0x20 ThirdParty/FreeRtos/src/tasks.o
 .text.prvResetNextTaskUnblockTime
                0x0000000008003ce4       0x38 ThirdParty/FreeRtos/src/tasks.o
 .text.xTaskGetSchedulerState
                0x0000000008003d1c       0x3c ThirdParty/FreeRtos/src/tasks.o
                0x0000000008003d1c                xTaskGetSchedulerState
 .text.prvAddCurrentTaskToDelayedList
                0x0000000008003d58      0x100 ThirdParty/FreeRtos/src/tasks.o
 .text.xTimerCreateTimerTask
                0x0000000008003e58       0x64 ThirdParty/FreeRtos/src/timers.o
                0x0000000008003e58                xTimerCreateTimerTask
 .text.prvReloadTimer
                0x0000000008003ebc       0x40 ThirdParty/FreeRtos/src/timers.o
 .text.prvProcessExpiredTimer
                0x0000000008003efc       0x60 ThirdParty/FreeRtos/src/timers.o
 .text.prvTimerTask
                0x0000000008003f5c       0x24 ThirdParty/FreeRtos/src/timers.o
 .text.prvProcessTimerOrBlockTask
                0x0000000008003f80       0x9c ThirdParty/FreeRtos/src/timers.o
 .text.prvGetNextExpireTime
                0x000000000800401c       0x48 ThirdParty/FreeRtos/src/timers.o
 .text.prvSampleTimeNow
                0x0000000008004064       0x40 ThirdParty/FreeRtos/src/timers.o
 .text.prvInsertTimerInActiveList
                0x00000000080040a4       0x84 ThirdParty/FreeRtos/src/timers.o
 .text.prvProcessReceivedCommands
                0x0000000008004128      0x178 ThirdParty/FreeRtos/src/timers.o
 .text.prvSwitchTimerLists
                0x00000000080042a0       0x4c ThirdParty/FreeRtos/src/timers.o
 .text.prvCheckForValidListAndQueue
                0x00000000080042ec       0x6c ThirdParty/FreeRtos/src/timers.o
 .text.SYSVIEW_AddTask
                0x0000000008004358       0xd0 ThirdParty/SEEGER/OS/SEGGER_SYSVIEW_FreeRTOS.o
                0x0000000008004358                SYSVIEW_AddTask
 .text.SYSVIEW_SendTaskInfo
                0x0000000008004428       0x42 ThirdParty/SEEGER/OS/SEGGER_SYSVIEW_FreeRTOS.o
                0x0000000008004428                SYSVIEW_SendTaskInfo
 *fill*         0x000000000800446a        0x2 
 .text._DoInit  0x000000000800446c       0xb0 ThirdParty/SEEGER/SEGGER/SEGGER_RTT.o
 .text.SEGGER_RTT_ReadNoLock
                0x000000000800451c      0x10c ThirdParty/SEEGER/SEGGER/SEGGER_RTT.o
                0x000000000800451c                SEGGER_RTT_ReadNoLock
 .text._EncodeStr
                0x0000000008004628       0x9a ThirdParty/SEEGER/SEGGER/SEGGER_SYSVIEW.o
 .text._PreparePacket
                0x00000000080046c2       0x18 ThirdParty/SEEGER/SEGGER/SEGGER_SYSVIEW.o
 *fill*         0x00000000080046da        0x2 
 .text._HandleIncomingPacket
                0x00000000080046dc       0xd8 ThirdParty/SEEGER/SEGGER/SEGGER_SYSVIEW.o
 .text._TrySendOverflowPacket
                0x00000000080047b4       0xe4 ThirdParty/SEEGER/SEGGER/SEGGER_SYSVIEW.o
 .text._SendPacket
                0x0000000008004898      0x1cc ThirdParty/SEEGER/SEGGER/SEGGER_SYSVIEW.o
 .text.SEGGER_SYSVIEW_RecordVoid
                0x0000000008004a64       0x3c ThirdParty/SEEGER/SEGGER/SEGGER_SYSVIEW.o
                0x0000000008004a64                SEGGER_SYSVIEW_RecordVoid
 .text.SEGGER_SYSVIEW_RecordU32
                0x0000000008004aa0       0x78 ThirdParty/SEEGER/SEGGER/SEGGER_SYSVIEW.o
                0x0000000008004aa0                SEGGER_SYSVIEW_RecordU32
 .text.SEGGER_SYSVIEW_RecordU32x2
                0x0000000008004b18       0xb4 ThirdParty/SEEGER/SEGGER/SEGGER_SYSVIEW.o
                0x0000000008004b18                SEGGER_SYSVIEW_RecordU32x2
 .text.SEGGER_SYSVIEW_RecordU32x3
                0x0000000008004bcc       0xec ThirdParty/SEEGER/SEGGER/SEGGER_SYSVIEW.o
                0x0000000008004bcc                SEGGER_SYSVIEW_RecordU32x3
 .text.SEGGER_SYSVIEW_RecordU32x4
                0x0000000008004cb8      0x124 ThirdParty/SEEGER/SEGGER/SEGGER_SYSVIEW.o
                0x0000000008004cb8                SEGGER_SYSVIEW_RecordU32x4
 .text.SEGGER_SYSVIEW_Start
                0x0000000008004ddc      0x174 ThirdParty/SEEGER/SEGGER/SEGGER_SYSVIEW.o
                0x0000000008004ddc                SEGGER_SYSVIEW_Start
 .text.SEGGER_SYSVIEW_Stop
                0x0000000008004f50       0x4c ThirdParty/SEEGER/SEGGER/SEGGER_SYSVIEW.o
                0x0000000008004f50                SEGGER_SYSVIEW_Stop
 .text.SEGGER_SYSVIEW_GetSysDesc
                0x0000000008004f9c      0x134 ThirdParty/SEEGER/SEGGER/SEGGER_SYSVIEW.o
                0x0000000008004f9c                SEGGER_SYSVIEW_GetSysDesc
 .text.SEGGER_SYSVIEW_SendTaskInfo
                0x00000000080050d0      0x1c8 ThirdParty/SEEGER/SEGGER/SEGGER_SYSVIEW.o
                0x00000000080050d0                SEGGER_SYSVIEW_SendTaskInfo
 .text.SEGGER_SYSVIEW_SendTaskList
                0x0000000008005298       0x28 ThirdParty/SEEGER/SEGGER/SEGGER_SYSVIEW.o
                0x0000000008005298                SEGGER_SYSVIEW_SendTaskList
 .text.SEGGER_SYSVIEW_RecordSystime
                0x00000000080052c0       0x60 ThirdParty/SEEGER/SEGGER/SEGGER_SYSVIEW.o
                0x00000000080052c0                SEGGER_SYSVIEW_RecordSystime
 .text.SEGGER_SYSVIEW_OnIdle
                0x0000000008005320       0x38 ThirdParty/SEEGER/SEGGER/SEGGER_SYSVIEW.o
                0x0000000008005320                SEGGER_SYSVIEW_OnIdle
 .text.SEGGER_SYSVIEW_OnTaskCreate
                0x0000000008005358       0x84 ThirdParty/SEEGER/SEGGER/SEGGER_SYSVIEW.o
                0x0000000008005358                SEGGER_SYSVIEW_OnTaskCreate
 .text.SEGGER_SYSVIEW_OnTaskStartExec
                0x00000000080053dc       0x84 ThirdParty/SEEGER/SEGGER/SEGGER_SYSVIEW.o
                0x00000000080053dc                SEGGER_SYSVIEW_OnTaskStartExec
 .text.SEGGER_SYSVIEW_OnTaskStartReady
                0x0000000008005460       0x84 ThirdParty/SEEGER/SEGGER/SEGGER_SYSVIEW.o
                0x0000000008005460                SEGGER_SYSVIEW_OnTaskStartReady
 .text.SEGGER_SYSVIEW_ShrinkId
                0x00000000080054e4       0x20 ThirdParty/SEEGER/SEGGER/SEGGER_SYSVIEW.o
                0x00000000080054e4                SEGGER_SYSVIEW_ShrinkId
 .text.SEGGER_SYSVIEW_SendModule
                0x0000000008005504      0x100 ThirdParty/SEEGER/SEGGER/SEGGER_SYSVIEW.o
                0x0000000008005504                SEGGER_SYSVIEW_SendModule
 .text.SEGGER_SYSVIEW_SendModuleDescription
                0x0000000008005604       0x3c ThirdParty/SEEGER/SEGGER/SEGGER_SYSVIEW.o
                0x0000000008005604                SEGGER_SYSVIEW_SendModuleDescription
 .text.SEGGER_SYSVIEW_SendNumModules
                0x0000000008005640       0x7c ThirdParty/SEEGER/SEGGER/SEGGER_SYSVIEW.o
                0x0000000008005640                SEGGER_SYSVIEW_SendNumModules
 .text.SEGGER_SYSVIEW_Warn
                0x00000000080056bc       0xb8 ThirdParty/SEEGER/SEGGER/SEGGER_SYSVIEW.o
                0x00000000080056bc                SEGGER_SYSVIEW_Warn
 .text.__libc_init_array
                0x0000000008005774       0x48 d:/stm32cubeide_1.4.0/stm32cubeide/plugins/com.st.stm32cube.ide.mcu.externaltools.gnu-tools-for-stm32.7-2018-q2-update.win32_1.4.0.202007081208/tools/bin/../lib/gcc/arm-none-eabi/7.3.1/../../../../arm-none-eabi/lib/thumb/v7e-m/fpv4-sp/hard\libc_nano.a(lib_a-init.o)
                0x0000000008005774                __libc_init_array
 .text.memcmp   0x00000000080057bc       0x1e d:/stm32cubeide_1.4.0/stm32cubeide/plugins/com.st.stm32cube.ide.mcu.externaltools.gnu-tools-for-stm32.7-2018-q2-update.win32_1.4.0.202007081208/tools/bin/../lib/gcc/arm-none-eabi/7.3.1/../../../../arm-none-eabi/lib/thumb/v7e-m/fpv4-sp/hard\libc_nano.a(lib_a-memcmp.o)
                0x00000000080057bc                memcmp
 .text.memcpy   0x00000000080057da       0x16 d:/stm32cubeide_1.4.0/stm32cubeide/plugins/com.st.stm32cube.ide.mcu.externaltools.gnu-tools-for-stm32.7-2018-q2-update.win32_1.4.0.202007081208/tools/bin/../lib/gcc/arm-none-eabi/7.3.1/../../../../arm-none-eabi/lib/thumb/v7e-m/fpv4-sp/hard\libc_nano.a(lib_a-memcpy-stub.o)
                0x00000000080057da                memcpy
 .text.memset   0x00000000080057f0       0x10 d:/stm32cubeide_1.4.0/stm32cubeide/plugins/com.st.stm32cube.ide.mcu.externaltools.gnu-tools-for-stm32.7-2018-q2-update.win32_1.4.0.202007081208/tools/bin/../lib/gcc/arm-none-eabi/7.3.1/../../../../arm-none-eabi/lib/thumb/v7e-m/fpv4-sp/hard\libc_nano.a(lib_a-memset.o)
                0x00000000080057f0                memset
 *(.glue_7)
 .glue_7        0x0000000008005800        0x0 linker stubs
 *(.glue_7t)
 .glue_7t       0x0000000008005800        0x0 linker stubs
 *(.eh_frame)
 .eh_frame      0x0000000008005800        0x0 d:/stm32cubeide_1.4.0/stm32cubeide/plugins/com.st.stm32cube.ide.mcu.externaltools.gnu-tools-for-stm32.7-2018-q2-update.win32_1.4.0.202007081208/tools/bin/../lib/gcc/arm-none-eabi/7.3.1/thumb/v7e-m/fpv4-sp/hard/crtbegin.o
 *(.init)
 .init          0x0000000008005800        0x4 d:/stm32cubeide_1.4.0/stm32cubeide/plugins/com.st.stm32cube.ide.mcu.externaltools.gnu-tools-for-stm32.7-2018-q2-update.win32_1.4.0.202007081208/tools/bin/../lib/gcc/arm-none-eabi/7.3.1/thumb/v7e-m/fpv4-sp/hard/crti.o
                0x0000000008005800                _init
 .init          0x0000000008005804        0x8 d:/stm32cubeide_1.4.0/stm32cubeide/plugins/com.st.stm32cube.ide.mcu.externaltools.gnu-tools-for-stm32.7-2018-q2-update.win32_1.4.0.202007081208/tools/bin/../lib/gcc/arm-none-eabi/7.3.1/thumb/v7e-m/fpv4-sp/hard/crtn.o
 *(.fini)
 .fini          0x000000000800580c        0x4 d:/stm32cubeide_1.4.0/stm32cubeide/plugins/com.st.stm32cube.ide.mcu.externaltools.gnu-tools-for-stm32.7-2018-q2-update.win32_1.4.0.202007081208/tools/bin/../lib/gcc/arm-none-eabi/7.3.1/thumb/v7e-m/fpv4-sp/hard/crti.o
                0x000000000800580c                _fini
 .fini          0x0000000008005810        0x8 d:/stm32cubeide_1.4.0/stm32cubeide/plugins/com.st.stm32cube.ide.mcu.externaltools.gnu-tools-for-stm32.7-2018-q2-update.win32_1.4.0.202007081208/tools/bin/../lib/gcc/arm-none-eabi/7.3.1/thumb/v7e-m/fpv4-sp/hard/crtn.o
                0x0000000008005818                . = ALIGN (0x4)
                0x0000000008005818                _etext = .

.vfp11_veneer   0x0000000008005818        0x0
 .vfp11_veneer  0x0000000008005818        0x0 linker stubs

.v4_bx          0x0000000008005818        0x0
 .v4_bx         0x0000000008005818        0x0 linker stubs

.iplt           0x0000000008005818        0x0
 .iplt          0x0000000008005818        0x0 d:/stm32cubeide_1.4.0/stm32cubeide/plugins/com.st.stm32cube.ide.mcu.externaltools.gnu-tools-for-stm32.7-2018-q2-update.win32_1.4.0.202007081208/tools/bin/../lib/gcc/arm-none-eabi/7.3.1/thumb/v7e-m/fpv4-sp/hard/crtbegin.o

.rodata         0x0000000008005818       0xdc
                0x0000000008005818                . = ALIGN (0x4)
 *(.rodata)
 .rodata        0x0000000008005818       0x2d Core/Src/main.o
 *fill*         0x0000000008005845        0x3 
 .rodata        0x0000000008005848        0x5 ThirdParty/FreeRtos/src/tasks.o
 *fill*         0x000000000800584d        0x3 
 .rodata        0x0000000008005850        0xd ThirdParty/FreeRtos/src/timers.o
 *fill*         0x000000000800585d        0x3 
 .rodata        0x0000000008005860       0x58 ThirdParty/SEEGER/OS/SEGGER_SYSVIEW_FreeRTOS.o
 .rodata        0x00000000080058b8       0x17 ThirdParty/SEEGER/SEGGER/SEGGER_RTT.o
 *(.rodata*)
 *fill*         0x00000000080058cf        0x1 
 .rodata.AHBPrescTable
                0x00000000080058d0       0x10 Core/Src/system_stm32f4xx.o
                0x00000000080058d0                AHBPrescTable
 .rodata.APBPrescTable
                0x00000000080058e0        0x8 Core/Src/system_stm32f4xx.o
                0x00000000080058e0                APBPrescTable
 .rodata._abSync
                0x00000000080058e8        0xa ThirdParty/SEEGER/SEGGER/SEGGER_SYSVIEW.o
                0x00000000080058f4                . = ALIGN (0x4)
 *fill*         0x00000000080058f2        0x2 

.ARM.extab      0x00000000080058f4        0x0
                0x00000000080058f4                . = ALIGN (0x4)
 *(.ARM.extab* .gnu.linkonce.armextab.*)
                0x00000000080058f4                . = ALIGN (0x4)

.ARM            0x00000000080058f4        0x8
                0x00000000080058f4                . = ALIGN (0x4)
                0x00000000080058f4                __exidx_start = .
 *(.ARM.exidx*)
 .ARM.exidx     0x00000000080058f4        0x8 d:/stm32cubeide_1.4.0/stm32cubeide/plugins/com.st.stm32cube.ide.mcu.externaltools.gnu-tools-for-stm32.7-2018-q2-update.win32_1.4.0.202007081208/tools/bin/../lib/gcc/arm-none-eabi/7.3.1/thumb/v7e-m/fpv4-sp/hard\libgcc.a(_udivmoddi4.o)
                0x00000000080058fc                __exidx_end = .
                0x00000000080058fc                . = ALIGN (0x4)

.rel.dyn        0x00000000080058fc        0x0
 .rel.iplt      0x00000000080058fc        0x0 d:/stm32cubeide_1.4.0/stm32cubeide/plugins/com.st.stm32cube.ide.mcu.externaltools.gnu-tools-for-stm32.7-2018-q2-update.win32_1.4.0.202007081208/tools/bin/../lib/gcc/arm-none-eabi/7.3.1/thumb/v7e-m/fpv4-sp/hard/crtbegin.o

.preinit_array  0x00000000080058fc        0x0
                0x00000000080058fc                . = ALIGN (0x4)
                0x00000000080058fc                PROVIDE (__preinit_array_start = .)
 *(.preinit_array*)
                0x00000000080058fc                PROVIDE (__preinit_array_end = .)
                0x00000000080058fc                . = ALIGN (0x4)

.init_array     0x00000000080058fc        0x4
                0x00000000080058fc                . = ALIGN (0x4)
                0x00000000080058fc                PROVIDE (__init_array_start = .)
 *(SORT_BY_NAME(.init_array.*))
 *(.init_array*)
 .init_array    0x00000000080058fc        0x4 d:/stm32cubeide_1.4.0/stm32cubeide/plugins/com.st.stm32cube.ide.mcu.externaltools.gnu-tools-for-stm32.7-2018-q2-update.win32_1.4.0.202007081208/tools/bin/../lib/gcc/arm-none-eabi/7.3.1/thumb/v7e-m/fpv4-sp/hard/crtbegin.o
                0x0000000008005900                PROVIDE (__init_array_end = .)
                0x0000000008005900                . = ALIGN (0x4)

.fini_array     0x0000000008005900        0x4
                0x0000000008005900                . = ALIGN (0x4)
                [!provide]                        PROVIDE (__fini_array_start = .)
 *(SORT_BY_NAME(.fini_array.*))
 *(.fini_array*)
 .fini_array    0x0000000008005900        0x4 d:/stm32cubeide_1.4.0/stm32cubeide/plugins/com.st.stm32cube.ide.mcu.externaltools.gnu-tools-for-stm32.7-2018-q2-update.win32_1.4.0.202007081208/tools/bin/../lib/gcc/arm-none-eabi/7.3.1/thumb/v7e-m/fpv4-sp/hard/crtbegin.o
                [!provide]                        PROVIDE (__fini_array_end = .)
                0x0000000008005904                . = ALIGN (0x4)
                0x0000000008005904                _sidata = LOADADDR (.data)

.data           0x0000000020000000       0x14 load address 0x0000000008005904
                0x0000000020000000                . = ALIGN (0x4)
                0x0000000020000000                _sdata = .
 *(.data)
 *(.data*)
 .data.SystemCoreClock
                0x0000000020000000        0x4 Core/Src/system_stm32f4xx.o
                0x0000000020000000                SystemCoreClock
 .data.uwTickPrio
                0x0000000020000004        0x4 Drivers/STM32F4xx_HAL_Driver/Src/stm32f4xx_hal.o
                0x0000000020000004                uwTickPrio
 .data.uwTickFreq
                0x0000000020000008        0x1 Drivers/STM32F4xx_HAL_Driver/Src/stm32f4xx_hal.o
                0x0000000020000008                uwTickFreq
 *fill*         0x0000000020000009        0x3 
 .data.uxCriticalNesting
                0x000000002000000c        0x4 ThirdParty/FreeRtos/Portable/ARM_CM4F/port.o
 .data.uxTopUsedPriority
                0x0000000020000010        0x4 ThirdParty/FreeRtos/src/tasks.o
                0x0000000020000010                uxTopUsedPriority
                0x0000000020000014                . = ALIGN (0x4)
                0x0000000020000014                _edata = .

.igot.plt       0x0000000020000014        0x0 load address 0x0000000008005918
 .igot.plt      0x0000000020000014        0x0 d:/stm32cubeide_1.4.0/stm32cubeide/plugins/com.st.stm32cube.ide.mcu.externaltools.gnu-tools-for-stm32.7-2018-q2-update.win32_1.4.0.202007081208/tools/bin/../lib/gcc/arm-none-eabi/7.3.1/thumb/v7e-m/fpv4-sp/hard/crtbegin.o
                0x0000000020000014                . = ALIGN (0x4)

.bss            0x0000000020000014    0x13474 load address 0x0000000008005918
                0x0000000020000014                _sbss = .
                0x0000000020000014                __bss_start__ = _sbss
 *(.bss)
 .bss           0x0000000020000014       0x1c d:/stm32cubeide_1.4.0/stm32cubeide/plugins/com.st.stm32cube.ide.mcu.externaltools.gnu-tools-for-stm32.7-2018-q2-update.win32_1.4.0.202007081208/tools/bin/../lib/gcc/arm-none-eabi/7.3.1/thumb/v7e-m/fpv4-sp/hard/crtbegin.o
 *(.bss*)
 .bss.ucMaxSysCallPriority
                0x0000000020000030        0x1 ThirdParty/FreeRtos/Portable/ARM_CM4F/port.o
 *fill*         0x0000000020000031        0x3 
 .bss.ulMaxPRIGROUPValue
                0x0000000020000034        0x4 ThirdParty/FreeRtos/Portable/ARM_CM4F/port.o
 .bss.ucHeap    0x0000000020000038    0x12c00 ThirdParty/FreeRtos/Portable/MemMang/heap_4.o
 .bss.xStart    0x0000000020012c38        0x8 ThirdParty/FreeRtos/Portable/MemMang/heap_4.o
 .bss.pxEnd     0x0000000020012c40        0x4 ThirdParty/FreeRtos/Portable/MemMang/heap_4.o
 .bss.xFreeBytesRemaining
                0x0000000020012c44        0x4 ThirdParty/FreeRtos/Portable/MemMang/heap_4.o
 .bss.xMinimumEverFreeBytesRemaining
                0x0000000020012c48        0x4 ThirdParty/FreeRtos/Portable/MemMang/heap_4.o
 .bss.xNumberOfSuccessfulAllocations
                0x0000000020012c4c        0x4 ThirdParty/FreeRtos/Portable/MemMang/heap_4.o
 .bss.xNumberOfSuccessfulFrees
                0x0000000020012c50        0x4 ThirdParty/FreeRtos/Portable/MemMang/heap_4.o
 .bss.pxCurrentTCB
                0x0000000020012c54        0x4 ThirdParty/FreeRtos/src/tasks.o
                0x0000000020012c54                pxCurrentTCB
 .bss.pxReadyTasksLists
                0x0000000020012c58       0x64 ThirdParty/FreeRtos/src/tasks.o
 .bss.xDelayedTaskList1
                0x0000000020012cbc       0x14 ThirdParty/FreeRtos/src/tasks.o
 .bss.xDelayedTaskList2
                0x0000000020012cd0       0x14 ThirdParty/FreeRtos/src/tasks.o
 .bss.pxDelayedTaskList
                0x0000000020012ce4        0x4 ThirdParty/FreeRtos/src/tasks.o
 .bss.pxOverflowDelayedTaskList
                0x0000000020012ce8        0x4 ThirdParty/FreeRtos/src/tasks.o
 .bss.xPendingReadyList
                0x0000000020012cec       0x14 ThirdParty/FreeRtos/src/tasks.o
 .bss.xTasksWaitingTermination
                0x0000000020012d00       0x14 ThirdParty/FreeRtos/src/tasks.o
 .bss.uxDeletedTasksWaitingCleanUp
                0x0000000020012d14        0x4 ThirdParty/FreeRtos/src/tasks.o
 .bss.xSuspendedTaskList
                0x0000000020012d18       0x14 ThirdParty/FreeRtos/src/tasks.o
 .bss.uxCurrentNumberOfTasks
                0x0000000020012d2c        0x4 ThirdParty/FreeRtos/src/tasks.o
 .bss.xTickCount
                0x0000000020012d30        0x4 ThirdParty/FreeRtos/src/tasks.o
 .bss.uxTopReadyPriority
                0x0000000020012d34        0x4 ThirdParty/FreeRtos/src/tasks.o
 .bss.xSchedulerRunning
                0x0000000020012d38        0x4 ThirdParty/FreeRtos/src/tasks.o
 .bss.xPendedTicks
                0x0000000020012d3c        0x4 ThirdParty/FreeRtos/src/tasks.o
 .bss.xYieldPending
                0x0000000020012d40        0x4 ThirdParty/FreeRtos/src/tasks.o
 .bss.xNumOfOverflows
                0x0000000020012d44        0x4 ThirdParty/FreeRtos/src/tasks.o
 .bss.uxTaskNumber
                0x0000000020012d48        0x4 ThirdParty/FreeRtos/src/tasks.o
 .bss.xNextTaskUnblockTime
                0x0000000020012d4c        0x4 ThirdParty/FreeRtos/src/tasks.o
 .bss.xIdleTaskHandle
                0x0000000020012d50        0x4 ThirdParty/FreeRtos/src/tasks.o
 .bss.uxSchedulerSuspended
                0x0000000020012d54        0x4 ThirdParty/FreeRtos/src/tasks.o
 .bss.xActiveTimerList1
                0x0000000020012d58       0x14 ThirdParty/FreeRtos/src/timers.o
 .bss.xActiveTimerList2
                0x0000000020012d6c       0x14 ThirdParty/FreeRtos/src/timers.o
 .bss.pxCurrentTimerList
                0x0000000020012d80        0x4 ThirdParty/FreeRtos/src/timers.o
 .bss.pxOverflowTimerList
                0x0000000020012d84        0x4 ThirdParty/FreeRtos/src/timers.o
 .bss.xTimerQueue
                0x0000000020012d88        0x4 ThirdParty/FreeRtos/src/timers.o
 .bss.xTimerTaskHandle
                0x0000000020012d8c        0x4 ThirdParty/FreeRtos/src/timers.o
 .bss.xLastTime.7162
                0x0000000020012d90        0x4 ThirdParty/FreeRtos/src/timers.o
 .bss._aTasks   0x0000000020012d94       0xa0 ThirdParty/SEEGER/OS/SEGGER_SYSVIEW_FreeRTOS.o
 .bss._NumTasks
                0x0000000020012e34        0x4 ThirdParty/SEEGER/OS/SEGGER_SYSVIEW_FreeRTOS.o
 .bss._acUpBuffer
                0x0000000020012e38      0x400 ThirdParty/SEEGER/SEGGER/SEGGER_RTT.o
 .bss._acDownBuffer
                0x0000000020013238       0x10 ThirdParty/SEEGER/SEGGER/SEGGER_RTT.o
 .bss._SYSVIEW_Globals
                0x0000000020013248       0x28 ThirdParty/SEEGER/SEGGER/SEGGER_SYSVIEW.o
 .bss._pFirstModule
                0x0000000020013270        0x4 ThirdParty/SEEGER/SEGGER/SEGGER_SYSVIEW.o
 .bss._NumModules
                0x0000000020013274        0x1 ThirdParty/SEEGER/SEGGER/SEGGER_SYSVIEW.o
 *fill*         0x0000000020013275        0x3 
 .bss._aPacket  0x0000000020013278       0xe3 ThirdParty/SEEGER/SEGGER/SEGGER_SYSVIEW.o
 *(COMMON)
 *fill*         0x000000002001335b        0x1 
 COMMON         0x000000002001335c       0x40 Core/Src/stm32f4xx_hal_timebase_tim.o
                0x000000002001335c                htim6
 COMMON         0x000000002001339c        0x4 Drivers/STM32F4xx_HAL_Driver/Src/stm32f4xx_hal.o
                0x000000002001339c                uwTick
 COMMON         0x00000000200133a0       0x40 ThirdParty/FreeRtos/src/queue.o
                0x00000000200133a0                xQueueRegistry
 COMMON         0x00000000200133e0       0xa8 ThirdParty/SEEGER/SEGGER/SEGGER_RTT.o
                0x00000000200133e0                _SEGGER_RTT
                0x0000000020013488                . = ALIGN (0x4)
                0x0000000020013488                _ebss = .
                0x0000000020013488                __bss_end__ = _ebss

._user_heap_stack
                0x0000000020013488      0x600 load address 0x0000000008005918
                0x0000000020013488                . = ALIGN (0x8)
                [!provide]                        PROVIDE (end = .)
                0x0000000020013488                PROVIDE (_end = .)
                0x0000000020013688                . = (. + _Min_Heap_Size)
 *fill*         0x0000000020013488      0x200 
                0x0000000020013a88                . = (. + _Min_Stack_Size)
 *fill*         0x0000000020013688      0x400 
                0x0000000020013a88                . = ALIGN (0x8)

/DISCARD/
 libc.a(*)
 libm.a(*)
 libgcc.a(*)

.ARM.attributes
                0x0000000000000000       0x30
 *(.ARM.attributes)
 .ARM.attributes
                0x0000000000000000       0x22 d:/stm32cubeide_1.4.0/stm32cubeide/plugins/com.st.stm32cube.ide.mcu.externaltools.gnu-tools-for-stm32.7-2018-q2-update.win32_1.4.0.202007081208/tools/bin/../lib/gcc/arm-none-eabi/7.3.1/thumb/v7e-m/fpv4-sp/hard/crti.o
 .ARM.attributes
                0x0000000000000022       0x34 d:/stm32cubeide_1.4.0/stm32cubeide/plugins/com.st.stm32cube.ide.mcu.externaltools.gnu-tools-for-stm32.7-2018-q2-update.win32_1.4.0.202007081208/tools/bin/../lib/gcc/arm-none-eabi/7.3.1/thumb/v7e-m/fpv4-sp/hard/crtbegin.o
 .ARM.attributes
                0x0000000000000056       0x39 Core/Src/main.o
 .ARM.attributes
                0x000000000000008f       0x39 Core/Src/stm32f4xx_hal_msp.o
 .ARM.attributes
                0x00000000000000c8       0x39 Core/Src/stm32f4xx_hal_timebase_tim.o
 .ARM.attributes
                0x0000000000000101       0x39 Core/Src/stm32f4xx_it.o
 .ARM.attributes
                0x000000000000013a       0x39 Core/Src/system_stm32f4xx.o
 .ARM.attributes
                0x0000000000000173       0x21 Core/Startup/startup_stm32f407vgtx.o
 .ARM.attributes
                0x0000000000000194       0x39 Drivers/STM32F4xx_HAL_Driver/Src/stm32f4xx_hal.o
 .ARM.attributes
                0x00000000000001cd       0x39 Drivers/STM32F4xx_HAL_Driver/Src/stm32f4xx_hal_cortex.o
 .ARM.attributes
                0x0000000000000206       0x39 Drivers/STM32F4xx_HAL_Driver/Src/stm32f4xx_hal_gpio.o
 .ARM.attributes
                0x000000000000023f       0x39 Drivers/STM32F4xx_HAL_Driver/Src/stm32f4xx_hal_rcc.o
 .ARM.attributes
                0x0000000000000278       0x39 Drivers/STM32F4xx_HAL_Driver/Src/stm32f4xx_hal_tim.o
 .ARM.attributes
                0x00000000000002b1       0x39 Drivers/STM32F4xx_HAL_Driver/Src/stm32f4xx_hal_tim_ex.o
 .ARM.attributes
                0x00000000000002ea       0x39 ThirdParty/FreeRtos/Portable/ARM_CM4F/port.o
 .ARM.attributes
                0x0000000000000323       0x39 ThirdParty/FreeRtos/Portable/MemMang/heap_4.o
 .ARM.attributes
                0x000000000000035c       0x39 ThirdParty/FreeRtos/src/list.o
 .ARM.attributes
                0x0000000000000395       0x39 ThirdParty/FreeRtos/src/queue.o
 .ARM.attributes
                0x00000000000003ce       0x39 ThirdParty/FreeRtos/src/tasks.o
 .ARM.attributes
                0x0000000000000407       0x39 ThirdParty/FreeRtos/src/timers.o
 .ARM.attributes
                0x0000000000000440       0x39 ThirdParty/SEEGER/OS/SEGGER_SYSVIEW_FreeRTOS.o
 .ARM.attributes
                0x0000000000000479       0x39 ThirdParty/SEEGER/SEGGER/SEGGER_RTT.o
 .ARM.attributes
                0x00000000000004b2       0x25 ThirdParty/SEEGER/SEGGER/SEGGER_RTT_ASM_ARMv7M.o
 .ARM.attributes
                0x00000000000004d7       0x39 ThirdParty/SEEGER/SEGGER/SEGGER_SYSVIEW.o
 .ARM.attributes
                0x0000000000000510       0x34 d:/stm32cubeide_1.4.0/stm32cubeide/plugins/com.st.stm32cube.ide.mcu.externaltools.gnu-tools-for-stm32.7-2018-q2-update.win32_1.4.0.202007081208/tools/bin/../lib/gcc/arm-none-eabi/7.3.1/../../../../arm-none-eabi/lib/thumb/v7e-m/fpv4-sp/hard\libc_nano.a(lib_a-init.o)
 .ARM.attributes
                0x0000000000000544       0x34 d:/stm32cubeide_1.4.0/stm32cubeide/plugins/com.st.stm32cube.ide.mcu.externaltools.gnu-tools-for-stm32.7-2018-q2-update.win32_1.4.0.202007081208/tools/bin/../lib/gcc/arm-none-eabi/7.3.1/../../../../arm-none-eabi/lib/thumb/v7e-m/fpv4-sp/hard\libc_nano.a(lib_a-memcmp.o)
 .ARM.attributes
                0x0000000000000578       0x34 d:/stm32cubeide_1.4.0/stm32cubeide/plugins/com.st.stm32cube.ide.mcu.externaltools.gnu-tools-for-stm32.7-2018-q2-update.win32_1.4.0.202007081208/tools/bin/../lib/gcc/arm-none-eabi/7.3.1/../../../../arm-none-eabi/lib/thumb/v7e-m/fpv4-sp/hard\libc_nano.a(lib_a-memcpy-stub.o)
 .ARM.attributes
                0x00000000000005ac       0x34 d:/stm32cubeide_1.4.0/stm32cubeide/plugins/com.st.stm32cube.ide.mcu.externaltools.gnu-tools-for-stm32.7-2018-q2-update.win32_1.4.0.202007081208/tools/bin/../lib/gcc/arm-none-eabi/7.3.1/../../../../arm-none-eabi/lib/thumb/v7e-m/fpv4-sp/hard\libc_nano.a(lib_a-memset.o)
 .ARM.attributes
                0x00000000000005e0       0x22 d:/stm32cubeide_1.4.0/stm32cubeide/plugins/com.st.stm32cube.ide.mcu.externaltools.gnu-tools-for-stm32.7-2018-q2-update.win32_1.4.0.202007081208/tools/bin/../lib/gcc/arm-none-eabi/7.3.1/thumb/v7e-m/fpv4-sp/hard\libgcc.a(_aeabi_uldivmod.o)
 .ARM.attributes
                0x0000000000000602       0x34 d:/stm32cubeide_1.4.0/stm32cubeide/plugins/com.st.stm32cube.ide.mcu.externaltools.gnu-tools-for-stm32.7-2018-q2-update.win32_1.4.0.202007081208/tools/bin/../lib/gcc/arm-none-eabi/7.3.1/thumb/v7e-m/fpv4-sp/hard\libgcc.a(_udivmoddi4.o)
 .ARM.attributes
                0x0000000000000636       0x22 d:/stm32cubeide_1.4.0/stm32cubeide/plugins/com.st.stm32cube.ide.mcu.externaltools.gnu-tools-for-stm32.7-2018-q2-update.win32_1.4.0.202007081208/tools/bin/../lib/gcc/arm-none-eabi/7.3.1/thumb/v7e-m/fpv4-sp/hard\libgcc.a(_dvmd_tls.o)
 .ARM.attributes
                0x0000000000000658       0x22 d:/stm32cubeide_1.4.0/stm32cubeide/plugins/com.st.stm32cube.ide.mcu.externaltools.gnu-tools-for-stm32.7-2018-q2-update.win32_1.4.0.202007081208/tools/bin/../lib/gcc/arm-none-eabi/7.3.1/thumb/v7e-m/fpv4-sp/hard/crtn.o
OUTPUT(Task2.elf elf32-littlearm)

.debug_info     0x0000000000000000    0x16a0d
 .debug_info    0x0000000000000000      0xd68 Core/Src/main.o
 .debug_info    0x0000000000000d68      0x37f Core/Src/stm32f4xx_hal_msp.o
 .debug_info    0x00000000000010e7      0xb2d Core/Src/stm32f4xx_hal_timebase_tim.o
 .debug_info    0x0000000000001c14      0x6b8 Core/Src/stm32f4xx_it.o
 .debug_info    0x00000000000022cc      0x554 Core/Src/system_stm32f4xx.o
 .debug_info    0x0000000000002820       0x22 Core/Startup/startup_stm32f407vgtx.o
 .debug_info    0x0000000000002842      0x945 Drivers/STM32F4xx_HAL_Driver/Src/stm32f4xx_hal.o
 .debug_info    0x0000000000003187      0xe28 Drivers/STM32F4xx_HAL_Driver/Src/stm32f4xx_hal_cortex.o
 .debug_info    0x0000000000003faf      0x7b5 Drivers/STM32F4xx_HAL_Driver/Src/stm32f4xx_hal_gpio.o
 .debug_info    0x0000000000004764      0x904 Drivers/STM32F4xx_HAL_Driver/Src/stm32f4xx_hal_rcc.o
 .debug_info    0x0000000000005068     0x24a9 Drivers/STM32F4xx_HAL_Driver/Src/stm32f4xx_hal_tim.o
 .debug_info    0x0000000000007511     0x1157 Drivers/STM32F4xx_HAL_Driver/Src/stm32f4xx_hal_tim_ex.o
 .debug_info    0x0000000000008668      0x549 ThirdParty/FreeRtos/Portable/ARM_CM4F/port.o
 .debug_info    0x0000000000008bb1      0xd21 ThirdParty/FreeRtos/Portable/MemMang/heap_4.o
 .debug_info    0x00000000000098d2      0xae1 ThirdParty/FreeRtos/src/list.o
 .debug_info    0x000000000000a3b3     0x2076 ThirdParty/FreeRtos/src/queue.o
 .debug_info    0x000000000000c429     0x2d60 ThirdParty/FreeRtos/src/tasks.o
 .debug_info    0x000000000000f189     0x1490 ThirdParty/FreeRtos/src/timers.o
 .debug_info    0x0000000000010619      0xb92 ThirdParty/SEEGER/OS/SEGGER_SYSVIEW_FreeRTOS.o
 .debug_info    0x00000000000111ab     0x1bab ThirdParty/SEEGER/SEGGER/SEGGER_RTT.o
 .debug_info    0x0000000000012d56       0x26 ThirdParty/SEEGER/SEGGER/SEGGER_RTT_ASM_ARMv7M.o
 .debug_info    0x0000000000012d7c     0x3c91 ThirdParty/SEEGER/SEGGER/SEGGER_SYSVIEW.o

.debug_abbrev   0x0000000000000000     0x2c1c
 .debug_abbrev  0x0000000000000000      0x251 Core/Src/main.o
 .debug_abbrev  0x0000000000000251      0x109 Core/Src/stm32f4xx_hal_msp.o
 .debug_abbrev  0x000000000000035a      0x19d Core/Src/stm32f4xx_hal_timebase_tim.o
 .debug_abbrev  0x00000000000004f7      0x15a Core/Src/stm32f4xx_it.o
 .debug_abbrev  0x0000000000000651      0x12b Core/Src/system_stm32f4xx.o
 .debug_abbrev  0x000000000000077c       0x12 Core/Startup/startup_stm32f407vgtx.o
 .debug_abbrev  0x000000000000078e      0x1c7 Drivers/STM32F4xx_HAL_Driver/Src/stm32f4xx_hal.o
 .debug_abbrev  0x0000000000000955      0x2fa Drivers/STM32F4xx_HAL_Driver/Src/stm32f4xx_hal_cortex.o
 .debug_abbrev  0x0000000000000c4f      0x1c9 Drivers/STM32F4xx_HAL_Driver/Src/stm32f4xx_hal_gpio.o
 .debug_abbrev  0x0000000000000e18      0x245 Drivers/STM32F4xx_HAL_Driver/Src/stm32f4xx_hal_rcc.o
 .debug_abbrev  0x000000000000105d      0x230 Drivers/STM32F4xx_HAL_Driver/Src/stm32f4xx_hal_tim.o
 .debug_abbrev  0x000000000000128d      0x21e Drivers/STM32F4xx_HAL_Driver/Src/stm32f4xx_hal_tim_ex.o
 .debug_abbrev  0x00000000000014ab      0x210 ThirdParty/FreeRtos/Portable/ARM_CM4F/port.o
 .debug_abbrev  0x00000000000016bb      0x2ba ThirdParty/FreeRtos/Portable/MemMang/heap_4.o
 .debug_abbrev  0x0000000000001975      0x1cf ThirdParty/FreeRtos/src/list.o
 .debug_abbrev  0x0000000000001b44      0x2f1 ThirdParty/FreeRtos/src/queue.o
 .debug_abbrev  0x0000000000001e35      0x350 ThirdParty/FreeRtos/src/tasks.o
 .debug_abbrev  0x0000000000002185      0x2b7 ThirdParty/FreeRtos/src/timers.o
 .debug_abbrev  0x000000000000243c      0x1ed ThirdParty/SEEGER/OS/SEGGER_SYSVIEW_FreeRTOS.o
 .debug_abbrev  0x0000000000002629      0x2a7 ThirdParty/SEEGER/SEGGER/SEGGER_RTT.o
 .debug_abbrev  0x00000000000028d0       0x14 ThirdParty/SEEGER/SEGGER/SEGGER_RTT_ASM_ARMv7M.o
 .debug_abbrev  0x00000000000028e4      0x338 ThirdParty/SEEGER/SEGGER/SEGGER_SYSVIEW.o

.debug_aranges  0x0000000000000000     0x1280
 .debug_aranges
                0x0000000000000000       0x58 Core/Src/main.o
 .debug_aranges
                0x0000000000000058       0x20 Core/Src/stm32f4xx_hal_msp.o
 .debug_aranges
                0x0000000000000078       0x30 Core/Src/stm32f4xx_hal_timebase_tim.o
 .debug_aranges
                0x00000000000000a8       0x50 Core/Src/stm32f4xx_it.o
 .debug_aranges
                0x00000000000000f8       0x28 Core/Src/system_stm32f4xx.o
 .debug_aranges
                0x0000000000000120       0x28 Core/Startup/startup_stm32f407vgtx.o
 .debug_aranges
                0x0000000000000148       0xf0 Drivers/STM32F4xx_HAL_Driver/Src/stm32f4xx_hal.o
 .debug_aranges
                0x0000000000000238      0x118 Drivers/STM32F4xx_HAL_Driver/Src/stm32f4xx_hal_cortex.o
 .debug_aranges
                0x0000000000000350       0x58 Drivers/STM32F4xx_HAL_Driver/Src/stm32f4xx_hal_gpio.o
 .debug_aranges
                0x00000000000003a8       0x88 Drivers/STM32F4xx_HAL_Driver/Src/stm32f4xx_hal_rcc.o
 .debug_aranges
                0x0000000000000430      0x3a8 Drivers/STM32F4xx_HAL_Driver/Src/stm32f4xx_hal_tim.o
 .debug_aranges
                0x00000000000007d8      0x150 Drivers/STM32F4xx_HAL_Driver/Src/stm32f4xx_hal_tim_ex.o
 .debug_aranges
                0x0000000000000928       0x80 ThirdParty/FreeRtos/Portable/ARM_CM4F/port.o
 .debug_aranges
                0x00000000000009a8       0x60 ThirdParty/FreeRtos/Portable/MemMang/heap_4.o
 .debug_aranges
                0x0000000000000a08       0x40 ThirdParty/FreeRtos/src/list.o
 .debug_aranges
                0x0000000000000a48      0x130 ThirdParty/FreeRtos/src/queue.o
 .debug_aranges
                0x0000000000000b78      0x200 ThirdParty/FreeRtos/src/tasks.o
 .debug_aranges
                0x0000000000000d78       0xe8 ThirdParty/FreeRtos/src/timers.o
 .debug_aranges
                0x0000000000000e60       0x48 ThirdParty/SEEGER/OS/SEGGER_SYSVIEW_FreeRTOS.o
 .debug_aranges
                0x0000000000000ea8      0x138 ThirdParty/SEEGER/SEGGER/SEGGER_RTT.o
 .debug_aranges
                0x0000000000000fe0       0x20 ThirdParty/SEEGER/SEGGER/SEGGER_RTT_ASM_ARMv7M.o
 .debug_aranges
                0x0000000000001000      0x280 ThirdParty/SEEGER/SEGGER/SEGGER_SYSVIEW.o

.debug_ranges   0x0000000000000000     0x1118
 .debug_ranges  0x0000000000000000       0x48 Core/Src/main.o
 .debug_ranges  0x0000000000000048       0x10 Core/Src/stm32f4xx_hal_msp.o
 .debug_ranges  0x0000000000000058       0x20 Core/Src/stm32f4xx_hal_timebase_tim.o
 .debug_ranges  0x0000000000000078       0x40 Core/Src/stm32f4xx_it.o
 .debug_ranges  0x00000000000000b8       0x18 Core/Src/system_stm32f4xx.o
 .debug_ranges  0x00000000000000d0       0x20 Core/Startup/startup_stm32f407vgtx.o
 .debug_ranges  0x00000000000000f0       0xe0 Drivers/STM32F4xx_HAL_Driver/Src/stm32f4xx_hal.o
 .debug_ranges  0x00000000000001d0      0x108 Drivers/STM32F4xx_HAL_Driver/Src/stm32f4xx_hal_cortex.o
 .debug_ranges  0x00000000000002d8       0x48 Drivers/STM32F4xx_HAL_Driver/Src/stm32f4xx_hal_gpio.o
 .debug_ranges  0x0000000000000320       0x78 Drivers/STM32F4xx_HAL_Driver/Src/stm32f4xx_hal_rcc.o
 .debug_ranges  0x0000000000000398      0x398 Drivers/STM32F4xx_HAL_Driver/Src/stm32f4xx_hal_tim.o
 .debug_ranges  0x0000000000000730      0x140 Drivers/STM32F4xx_HAL_Driver/Src/stm32f4xx_hal_tim_ex.o
 .debug_ranges  0x0000000000000870       0x70 ThirdParty/FreeRtos/Portable/ARM_CM4F/port.o
 .debug_ranges  0x00000000000008e0       0x50 ThirdParty/FreeRtos/Portable/MemMang/heap_4.o
 .debug_ranges  0x0000000000000930       0x30 ThirdParty/FreeRtos/src/list.o
 .debug_ranges  0x0000000000000960      0x120 ThirdParty/FreeRtos/src/queue.o
 .debug_ranges  0x0000000000000a80      0x1f0 ThirdParty/FreeRtos/src/tasks.o
 .debug_ranges  0x0000000000000c70       0xd8 ThirdParty/FreeRtos/src/timers.o
 .debug_ranges  0x0000000000000d48       0x38 ThirdParty/SEEGER/OS/SEGGER_SYSVIEW_FreeRTOS.o
 .debug_ranges  0x0000000000000d80      0x128 ThirdParty/SEEGER/SEGGER/SEGGER_RTT.o
 .debug_ranges  0x0000000000000ea8      0x270 ThirdParty/SEEGER/SEGGER/SEGGER_SYSVIEW.o

.debug_macro    0x0000000000000000    0x22ca7
 .debug_macro   0x0000000000000000      0x2a1 Core/Src/main.o
 .debug_macro   0x00000000000002a1      0xa5a Core/Src/main.o
 .debug_macro   0x0000000000000cfb      0x28e Core/Src/main.o
 .debug_macro   0x0000000000000f89       0x2e Core/Src/main.o
 .debug_macro   0x0000000000000fb7       0x2f Core/Src/main.o
 .debug_macro   0x0000000000000fe6       0x22 Core/Src/main.o
 .debug_macro   0x0000000000001008       0x8e Core/Src/main.o
 .debug_macro   0x0000000000001096       0x51 Core/Src/main.o
 .debug_macro   0x00000000000010e7       0xef Core/Src/main.o
 .debug_macro   0x00000000000011d6       0x6a Core/Src/main.o
 .debug_macro   0x0000000000001240      0x1df Core/Src/main.o
 .debug_macro   0x000000000000141f       0x1c Core/Src/main.o
 .debug_macro   0x000000000000143b       0x22 Core/Src/main.o
 .debug_macro   0x000000000000145d       0xdf Core/Src/main.o
 .debug_macro   0x000000000000153c     0x102d Core/Src/main.o
 .debug_macro   0x0000000000002569      0x11f Core/Src/main.o
 .debug_macro   0x0000000000002688    0x15e3c Core/Src/main.o
 .debug_macro   0x00000000000184c4       0x43 Core/Src/main.o
 .debug_macro   0x0000000000018507     0x3659 Core/Src/main.o
 .debug_macro   0x000000000001bb60      0x174 Core/Src/main.o
 .debug_macro   0x000000000001bcd4       0x5a Core/Src/main.o
 .debug_macro   0x000000000001bd2e      0x96b Core/Src/main.o
 .debug_macro   0x000000000001c699      0x9fe Core/Src/main.o
 .debug_macro   0x000000000001d097      0x117 Core/Src/main.o
 .debug_macro   0x000000000001d1ae      0x13e Core/Src/main.o
 .debug_macro   0x000000000001d2ec       0x27 Core/Src/main.o
 .debug_macro   0x000000000001d313      0x174 Core/Src/main.o
 .debug_macro   0x000000000001d487      0x287 Core/Src/main.o
 .debug_macro   0x000000000001d70e       0x5f Core/Src/main.o
 .debug_macro   0x000000000001d76d      0x236 Core/Src/main.o
 .debug_macro   0x000000000001d9a3      0x12c Core/Src/main.o
 .debug_macro   0x000000000001dacf      0x21e Core/Src/main.o
 .debug_macro   0x000000000001dced       0x2e Core/Src/main.o
 .debug_macro   0x000000000001dd1b      0x11a Core/Src/main.o
 .debug_macro   0x000000000001de35       0x7e Core/Src/main.o
 .debug_macro   0x000000000001deb3       0x89 Core/Src/main.o
 .debug_macro   0x000000000001df3c      0x8a0 Core/Src/main.o
 .debug_macro   0x000000000001e7dc       0x47 Core/Src/main.o
 .debug_macro   0x000000000001e823      0x12d Core/Src/main.o
 .debug_macro   0x000000000001e950      0x1a3 Core/Src/main.o
 .debug_macro   0x000000000001eaf3      0x106 Core/Src/main.o
 .debug_macro   0x000000000001ebf9       0x58 Core/Src/main.o
 .debug_macro   0x000000000001ec51       0x46 Core/Src/main.o
 .debug_macro   0x000000000001ec97       0x64 Core/Src/main.o
 .debug_macro   0x000000000001ecfb       0x49 Core/Src/main.o
 .debug_macro   0x000000000001ed44       0xc3 Core/Src/main.o
 .debug_macro   0x000000000001ee07      0x204 Core/Src/main.o
 .debug_macro   0x000000000001f00b      0x450 Core/Src/main.o
 .debug_macro   0x000000000001f45b      0x15a Core/Src/main.o
 .debug_macro   0x000000000001f5b5       0xea Core/Src/main.o
 .debug_macro   0x000000000001f69f       0x28 Core/Src/main.o
 .debug_macro   0x000000000001f6c7       0x1f Core/Src/main.o
 .debug_macro   0x000000000001f6e6       0x12 Core/Src/main.o
 .debug_macro   0x000000000001f6f8      0x400 Core/Src/main.o
 .debug_macro   0x000000000001faf8       0xc3 Core/Src/main.o
 .debug_macro   0x000000000001fbbb      0x120 Core/Src/main.o
 .debug_macro   0x000000000001fcdb      0x289 Core/Src/stm32f4xx_hal_msp.o
 .debug_macro   0x000000000001ff64      0x1c4 Core/Src/stm32f4xx_hal_timebase_tim.o
 .debug_macro   0x0000000000020128      0x1dd Core/Src/stm32f4xx_it.o
 .debug_macro   0x0000000000020305      0x1ca Core/Src/system_stm32f4xx.o
 .debug_macro   0x00000000000204cf      0x224 Drivers/STM32F4xx_HAL_Driver/Src/stm32f4xx_hal.o
 .debug_macro   0x00000000000206f3      0x1c4 Drivers/STM32F4xx_HAL_Driver/Src/stm32f4xx_hal_cortex.o
 .debug_macro   0x00000000000208b7      0x1fa Drivers/STM32F4xx_HAL_Driver/Src/stm32f4xx_hal_gpio.o
 .debug_macro   0x0000000000020ab1      0x1e8 Drivers/STM32F4xx_HAL_Driver/Src/stm32f4xx_hal_rcc.o
 .debug_macro   0x0000000000020c99      0x1c5 Drivers/STM32F4xx_HAL_Driver/Src/stm32f4xx_hal_tim.o
 .debug_macro   0x0000000000020e5e      0x1c4 Drivers/STM32F4xx_HAL_Driver/Src/stm32f4xx_hal_tim_ex.o
 .debug_macro   0x0000000000021022      0x208 ThirdParty/FreeRtos/Portable/ARM_CM4F/port.o
 .debug_macro   0x000000000002122a      0x106 ThirdParty/FreeRtos/Portable/ARM_CM4F/port.o
 .debug_macro   0x0000000000021330      0x26d ThirdParty/FreeRtos/Portable/MemMang/heap_4.o
 .debug_macro   0x000000000002159d      0x10e ThirdParty/FreeRtos/Portable/MemMang/heap_4.o
 .debug_macro   0x00000000000216ab       0x8d ThirdParty/FreeRtos/Portable/MemMang/heap_4.o
 .debug_macro   0x0000000000021738       0x16 ThirdParty/FreeRtos/Portable/MemMang/heap_4.o
 .debug_macro   0x000000000002174e       0x20 ThirdParty/FreeRtos/Portable/MemMang/heap_4.o
 .debug_macro   0x000000000002176e      0x1ec ThirdParty/FreeRtos/src/list.o
 .debug_macro   0x000000000002195a      0x283 ThirdParty/FreeRtos/src/queue.o
 .debug_macro   0x0000000000021bdd       0x80 ThirdParty/FreeRtos/src/queue.o
 .debug_macro   0x0000000000021c5d      0x2d2 ThirdParty/FreeRtos/src/tasks.o
 .debug_macro   0x0000000000021f2f       0x17 ThirdParty/FreeRtos/src/tasks.o
 .debug_macro   0x0000000000021f46      0x23b ThirdParty/FreeRtos/src/timers.o
 .debug_macro   0x0000000000022181       0x97 ThirdParty/FreeRtos/src/timers.o
 .debug_macro   0x0000000000022218      0x1fb ThirdParty/SEEGER/OS/SEGGER_SYSVIEW_FreeRTOS.o
 .debug_macro   0x0000000000022413      0x1b0 ThirdParty/SEEGER/SEGGER/SEGGER_RTT.o
 .debug_macro   0x00000000000225c3       0x34 ThirdParty/SEEGER/SEGGER/SEGGER_RTT.o
 .debug_macro   0x00000000000225f7      0x138 ThirdParty/SEEGER/SEGGER/SEGGER_RTT.o
 .debug_macro   0x000000000002272f      0x206 ThirdParty/SEEGER/SEGGER/SEGGER_SYSVIEW.o
 .debug_macro   0x0000000000022935      0x204 ThirdParty/SEEGER/SEGGER/SEGGER_SYSVIEW.o
 .debug_macro   0x0000000000022b39      0x16e ThirdParty/SEEGER/SEGGER/SEGGER_SYSVIEW.o

.debug_line     0x0000000000000000     0xee0b
 .debug_line    0x0000000000000000      0xac5 Core/Src/main.o
 .debug_line    0x0000000000000ac5      0x963 Core/Src/stm32f4xx_hal_msp.o
 .debug_line    0x0000000000001428      0x6d1 Core/Src/stm32f4xx_hal_timebase_tim.o
 .debug_line    0x0000000000001af9      0x71f Core/Src/stm32f4xx_it.o
 .debug_line    0x0000000000002218      0x6b8 Core/Src/system_stm32f4xx.o
 .debug_line    0x00000000000028d0       0x85 Core/Startup/startup_stm32f407vgtx.o
 .debug_line    0x0000000000002955      0x8a2 Drivers/STM32F4xx_HAL_Driver/Src/stm32f4xx_hal.o
 .debug_line    0x00000000000031f7      0x9c6 Drivers/STM32F4xx_HAL_Driver/Src/stm32f4xx_hal_cortex.o
 .debug_line    0x0000000000003bbd      0x881 Drivers/STM32F4xx_HAL_Driver/Src/stm32f4xx_hal_gpio.o
 .debug_line    0x000000000000443e      0x8fa Drivers/STM32F4xx_HAL_Driver/Src/stm32f4xx_hal_rcc.o
 .debug_line    0x0000000000004d38     0x191b Drivers/STM32F4xx_HAL_Driver/Src/stm32f4xx_hal_tim.o
 .debug_line    0x0000000000006653      0xcb8 Drivers/STM32F4xx_HAL_Driver/Src/stm32f4xx_hal_tim_ex.o
 .debug_line    0x000000000000730b      0x896 ThirdParty/FreeRtos/Portable/ARM_CM4F/port.o
 .debug_line    0x0000000000007ba1      0x982 ThirdParty/FreeRtos/Portable/MemMang/heap_4.o
 .debug_line    0x0000000000008523      0x826 ThirdParty/FreeRtos/src/list.o
 .debug_line    0x0000000000008d49     0x1254 ThirdParty/FreeRtos/src/queue.o
 .debug_line    0x0000000000009f9d     0x16bd ThirdParty/FreeRtos/src/tasks.o
 .debug_line    0x000000000000b65a      0xb9e ThirdParty/FreeRtos/src/timers.o
 .debug_line    0x000000000000c1f8      0x8bb ThirdParty/SEEGER/OS/SEGGER_SYSVIEW_FreeRTOS.o
 .debug_line    0x000000000000cab3      0xa0b ThirdParty/SEEGER/SEGGER/SEGGER_RTT.o
 .debug_line    0x000000000000d4be       0xa0 ThirdParty/SEEGER/SEGGER/SEGGER_RTT_ASM_ARMv7M.o
 .debug_line    0x000000000000d55e     0x18ad ThirdParty/SEEGER/SEGGER/SEGGER_SYSVIEW.o

.debug_str      0x0000000000000000    0xd5b1b
 .debug_str     0x0000000000000000    0xc9fe0 Core/Src/main.o
                                      0xca354 (size before relaxing)
 .debug_str     0x00000000000c9fe0       0x2c Core/Src/stm32f4xx_hal_msp.o
                                      0xc7f16 (size before relaxing)
 .debug_str     0x00000000000ca00c      0x57b Core/Src/stm32f4xx_hal_timebase_tim.o
                                      0xc1089 (size before relaxing)
 .debug_str     0x00000000000ca587       0xa6 Core/Src/stm32f4xx_it.o
                                      0xc10ce (size before relaxing)
 .debug_str     0x00000000000ca62d       0xc4 Core/Src/system_stm32f4xx.o
                                      0xc0713 (size before relaxing)
 .debug_str     0x00000000000ca6f1       0x36 Core/Startup/startup_stm32f407vgtx.o
                                         0x74 (size before relaxing)
 .debug_str     0x00000000000ca727      0x542 Drivers/STM32F4xx_HAL_Driver/Src/stm32f4xx_hal.o
                                      0xc11e0 (size before relaxing)
 .debug_str     0x00000000000cac69      0x392 Drivers/STM32F4xx_HAL_Driver/Src/stm32f4xx_hal_cortex.o
                                      0xc0fcf (size before relaxing)
 .debug_str     0x00000000000caffb      0x20c Drivers/STM32F4xx_HAL_Driver/Src/stm32f4xx_hal_gpio.o
                                      0xc0952 (size before relaxing)
 .debug_str     0x00000000000cb207      0x24f Drivers/STM32F4xx_HAL_Driver/Src/stm32f4xx_hal_rcc.o
                                      0xc0b00 (size before relaxing)
 .debug_str     0x00000000000cb456      0xd6f Drivers/STM32F4xx_HAL_Driver/Src/stm32f4xx_hal_tim.o
                                      0xc181f (size before relaxing)
 .debug_str     0x00000000000cc1c5      0x4ec Drivers/STM32F4xx_HAL_Driver/Src/stm32f4xx_hal_tim_ex.o
                                      0xc101f (size before relaxing)
 .debug_str     0x00000000000cc6b1      0x8b5 ThirdParty/FreeRtos/Portable/ARM_CM4F/port.o
                                       0xd76c (size before relaxing)
 .debug_str     0x00000000000ccf66     0x3642 ThirdParty/FreeRtos/Portable/MemMang/heap_4.o
                                      0x10575 (size before relaxing)
 .debug_str     0x00000000000d05a8      0x121 ThirdParty/FreeRtos/src/list.o
                                       0xeda9 (size before relaxing)
 .debug_str     0x00000000000d06c9     0x11fd ThirdParty/FreeRtos/src/queue.o
                                      0x112ca (size before relaxing)
 .debug_str     0x00000000000d18c6     0x1be8 ThirdParty/FreeRtos/src/tasks.o
                                      0x11dcd (size before relaxing)
 .debug_str     0x00000000000d34ae      0x555 ThirdParty/FreeRtos/src/timers.o
                                      0x114b1 (size before relaxing)
 .debug_str     0x00000000000d3a03      0x13a ThirdParty/SEEGER/OS/SEGGER_SYSVIEW_FreeRTOS.o
                                       0xff8e (size before relaxing)
 .debug_str     0x00000000000d3b3d     0x1047 ThirdParty/SEEGER/SEGGER/SEGGER_RTT.o
                                       0x78f8 (size before relaxing)
 .debug_str     0x00000000000d4b84       0x34 ThirdParty/SEEGER/SEGGER/SEGGER_RTT_ASM_ARMv7M.o
                                         0x80 (size before relaxing)
 .debug_str     0x00000000000d4bb8      0xf63 ThirdParty/SEEGER/SEGGER/SEGGER_SYSVIEW.o
                                       0x98b1 (size before relaxing)

.comment        0x0000000000000000       0x7b
 .comment       0x0000000000000000       0x7b Core/Src/main.o
                                         0x7c (size before relaxing)
 .comment       0x000000000000007b       0x7c Core/Src/stm32f4xx_hal_msp.o
 .comment       0x000000000000007b       0x7c Core/Src/stm32f4xx_hal_timebase_tim.o
 .comment       0x000000000000007b       0x7c Core/Src/stm32f4xx_it.o
 .comment       0x000000000000007b       0x7c Core/Src/system_stm32f4xx.o
 .comment       0x000000000000007b       0x7c Drivers/STM32F4xx_HAL_Driver/Src/stm32f4xx_hal.o
 .comment       0x000000000000007b       0x7c Drivers/STM32F4xx_HAL_Driver/Src/stm32f4xx_hal_cortex.o
 .comment       0x000000000000007b       0x7c Drivers/STM32F4xx_HAL_Driver/Src/stm32f4xx_hal_gpio.o
 .comment       0x000000000000007b       0x7c Drivers/STM32F4xx_HAL_Driver/Src/stm32f4xx_hal_rcc.o
 .comment       0x000000000000007b       0x7c Drivers/STM32F4xx_HAL_Driver/Src/stm32f4xx_hal_tim.o
 .comment       0x000000000000007b       0x7c Drivers/STM32F4xx_HAL_Driver/Src/stm32f4xx_hal_tim_ex.o
 .comment       0x000000000000007b       0x7c ThirdParty/FreeRtos/Portable/ARM_CM4F/port.o
 .comment       0x000000000000007b       0x7c ThirdParty/FreeRtos/Portable/MemMang/heap_4.o
 .comment       0x000000000000007b       0x7c ThirdParty/FreeRtos/src/list.o
 .comment       0x000000000000007b       0x7c ThirdParty/FreeRtos/src/queue.o
 .comment       0x000000000000007b       0x7c ThirdParty/FreeRtos/src/tasks.o
 .comment       0x000000000000007b       0x7c ThirdParty/FreeRtos/src/timers.o
 .comment       0x000000000000007b       0x7c ThirdParty/SEEGER/OS/SEGGER_SYSVIEW_FreeRTOS.o
 .comment       0x000000000000007b       0x7c ThirdParty/SEEGER/SEGGER/SEGGER_RTT.o
 .comment       0x000000000000007b       0x7c ThirdParty/SEEGER/SEGGER/SEGGER_SYSVIEW.o

.debug_frame    0x0000000000000000     0x4d90
 .debug_frame   0x0000000000000000      0x120 Core/Src/main.o
 .debug_frame   0x0000000000000120       0x34 Core/Src/stm32f4xx_hal_msp.o
 .debug_frame   0x0000000000000154       0x74 Core/Src/stm32f4xx_hal_timebase_tim.o
 .debug_frame   0x00000000000001c8       0xcc Core/Src/stm32f4xx_it.o
 .debug_frame   0x0000000000000294       0x58 Core/Src/system_stm32f4xx.o
 .debug_frame   0x00000000000002ec      0x374 Drivers/STM32F4xx_HAL_Driver/Src/stm32f4xx_hal.o
 .debug_frame   0x0000000000000660      0x498 Drivers/STM32F4xx_HAL_Driver/Src/stm32f4xx_hal_cortex.o
 .debug_frame   0x0000000000000af8      0x14c Drivers/STM32F4xx_HAL_Driver/Src/stm32f4xx_hal_gpio.o
 .debug_frame   0x0000000000000c44      0x1f0 Drivers/STM32F4xx_HAL_Driver/Src/stm32f4xx_hal_rcc.o
 .debug_frame   0x0000000000000e34     0x10f0 Drivers/STM32F4xx_HAL_Driver/Src/stm32f4xx_hal_tim.o
 .debug_frame   0x0000000000001f24      0x5c0 Drivers/STM32F4xx_HAL_Driver/Src/stm32f4xx_hal_tim_ex.o
 .debug_frame   0x00000000000024e4      0x1a8 ThirdParty/FreeRtos/Portable/ARM_CM4F/port.o
 .debug_frame   0x000000000000268c      0x150 ThirdParty/FreeRtos/Portable/MemMang/heap_4.o
 .debug_frame   0x00000000000027dc       0xd8 ThirdParty/FreeRtos/src/list.o
 .debug_frame   0x00000000000028b4      0x548 ThirdParty/FreeRtos/src/queue.o
 .debug_frame   0x0000000000002dfc      0x8d8 ThirdParty/FreeRtos/src/tasks.o
 .debug_frame   0x00000000000036d4      0x3c8 ThirdParty/FreeRtos/src/timers.o
 .debug_frame   0x0000000000003a9c      0x100 ThirdParty/SEEGER/OS/SEGGER_SYSVIEW_FreeRTOS.o
 .debug_frame   0x0000000000003b9c      0x530 ThirdParty/SEEGER/SEGGER/SEGGER_RTT.o
 .debug_frame   0x00000000000040cc      0xbc4 ThirdParty/SEEGER/SEGGER/SEGGER_SYSVIEW.o
 .debug_frame   0x0000000000004c90       0x2c d:/stm32cubeide_1.4.0/stm32cubeide/plugins/com.st.stm32cube.ide.mcu.externaltools.gnu-tools-for-stm32.7-2018-q2-update.win32_1.4.0.202007081208/tools/bin/../lib/gcc/arm-none-eabi/7.3.1/../../../../arm-none-eabi/lib/thumb/v7e-m/fpv4-sp/hard\libc_nano.a(lib_a-init.o)
 .debug_frame   0x0000000000004cbc       0x2c d:/stm32cubeide_1.4.0/stm32cubeide/plugins/com.st.stm32cube.ide.mcu.externaltools.gnu-tools-for-stm32.7-2018-q2-update.win32_1.4.0.202007081208/tools/bin/../lib/gcc/arm-none-eabi/7.3.1/../../../../arm-none-eabi/lib/thumb/v7e-m/fpv4-sp/hard\libc_nano.a(lib_a-memcmp.o)
 .debug_frame   0x0000000000004ce8       0x28 d:/stm32cubeide_1.4.0/stm32cubeide/plugins/com.st.stm32cube.ide.mcu.externaltools.gnu-tools-for-stm32.7-2018-q2-update.win32_1.4.0.202007081208/tools/bin/../lib/gcc/arm-none-eabi/7.3.1/../../../../arm-none-eabi/lib/thumb/v7e-m/fpv4-sp/hard\libc_nano.a(lib_a-memcpy-stub.o)
 .debug_frame   0x0000000000004d10       0x20 d:/stm32cubeide_1.4.0/stm32cubeide/plugins/com.st.stm32cube.ide.mcu.externaltools.gnu-tools-for-stm32.7-2018-q2-update.win32_1.4.0.202007081208/tools/bin/../lib/gcc/arm-none-eabi/7.3.1/../../../../arm-none-eabi/lib/thumb/v7e-m/fpv4-sp/hard\libc_nano.a(lib_a-memset.o)
 .debug_frame   0x0000000000004d30       0x2c d:/stm32cubeide_1.4.0/stm32cubeide/plugins/com.st.stm32cube.ide.mcu.externaltools.gnu-tools-for-stm32.7-2018-q2-update.win32_1.4.0.202007081208/tools/bin/../lib/gcc/arm-none-eabi/7.3.1/thumb/v7e-m/fpv4-sp/hard\libgcc.a(_aeabi_uldivmod.o)
 .debug_frame   0x0000000000004d5c       0x34 d:/stm32cubeide_1.4.0/stm32cubeide/plugins/com.st.stm32cube.ide.mcu.externaltools.gnu-tools-for-stm32.7-2018-q2-update.win32_1.4.0.202007081208/tools/bin/../lib/gcc/arm-none-eabi/7.3.1/thumb/v7e-m/fpv4-sp/hard\libgcc.a(_udivmoddi4.o)
